<html>
<body>
<pre>
<h1>µVision Build Log</h1>
<h2>Tool Versions:</h2>
IDE-Version: ¦ÌVision V5.17.0.0
Copyright (C) 2015 ARM Ltd and ARM Germany GmbH. All rights reserved.
License Information: Abby YAO, hkust, LIC=TA3Y8-3WFNW-QGP7I-T3M5U-6EJBQ-EEH0J
 
Tool Versions:
Toolchain:       MDK-ARM Professional  Version: 5.17
Toolchain Path:  C:\Keil_v5\ARM\ARMCC\Bin
C Compiler:      Armcc.exe V5.06 update 1 (build 61)
Assembler:       Armasm.exe V5.06 update 1 (build 61)
Linker/Locator:  ArmLink.exe V5.06 update 1 (build 61)
Library Manager: ArmAr.exe V5.06 update 1 (build 61)
Hex Converter:   FromElf.exe V5.06 update 1 (build 61)
CPU DLL:         SARMCM3.DLL V5.17
Dialog DLL:      DCM.DLL V1.13.4.0
Target DLL:      STLink\ST-LINKIII-KEIL_SWO.dll V2.0.18.0
Dialog DLL:      TCM.DLL V1.14.6.0
 
<h2>Project:</h2>
D:\HKUST_RM2017_Mainboard_V1_code\user\Template.uvprojx
Project File Date:  01/16/2017

<h2>Output:</h2>
*** Using Compiler 'V5.06 update 1 (build 61)', folder: 'C:\Keil_v5\ARM\ARMCC\Bin'
Build target 'HKUST_RM2017_Mainboard'
compiling main.c...
led.h(7): warning:  #1295-D: Deprecated declaration LED_master_init - give arg types
  void LED_master_init();
pwm.h(11): warning:  #1-D: last line of file ends without a newline
  void Friction_wheel_control2(u16 speed);
led.h(7): warning:  #1295-D: Deprecated declaration LED_master_init - give arg types
  void LED_master_init();
1.8 TFT_display.h(87): warning:  #1295-D: Deprecated declaration tft_brightness_check_menu - give arg types
  void tft_brightness_check_menu();
adc.h(35): warning:  #1295-D: Deprecated declaration get_mcu_temperature - give arg types
  float get_mcu_temperature();
gimbal.h(18): warning:  #1-D: last line of file ends without a newline
  void low_pass_filter(float current);
pwm.h(11): warning:  #1-D: last line of file ends without a newline
  void Friction_wheel_control2(u16 speed);
led.h(7): warning:  #1295-D: Deprecated declaration LED_master_init - give arg types
  void LED_master_init();
pneumatic.h(3): warning:  #1295-D: Deprecated declaration pneumatic_init - give arg types
  void pneumatic_init();
pneumatic.h(4): warning:  #1-D: last line of file ends without a newline
  void pneumatic_control(u8 port, u8 state);
can.h(4): warning:  #1295-D: Deprecated declaration CAN1_Configuration - give arg types
  void CAN1_Configuration();
can.h(5): warning:  #1295-D: Deprecated declaration CAN2_Configuration - give arg types
  void CAN2_Configuration();
judge.h(33): warning:  #1-D: last line of file ends without a newline
  extern InfantryJudge_Struct InfantryJudge;
function_list.h(26): warning:  #1295-D: Deprecated declaration LED_master_init - give arg types
  void LED_master_init();
function_list.h(31): warning:  #1295-D: Deprecated declaration tft_update - give arg types
  void tft_update();
function_list.h(32): warning:  #1295-D: Deprecated declaration tft_clear - give arg types
  void tft_clear();
function_list.h(52): warning:  #1295-D: Deprecated declaration pneumatic_init - give arg types
  void pneumatic_init();
function_list.h(56): warning:  #1295-D: Deprecated declaration CAN1_Configuration - give arg types
  void CAN1_Configuration();
function_list.h(57): warning:  #1295-D: Deprecated declaration CAN2_Configuration - give arg types
  void CAN2_Configuration();
main.c: 19 warnings, 0 errors
linking...
Program Size: Code=33612 RO-data=2644 RW-data=12548 ZI-data=4996  
FromELF: creating hex file...
"..\OBJ\Template.axf" - 0 Error(s), 19 Warning(s).

<h2>Collection of Component include folders:</h2>
  D:\HKUST_RM2017_Mainboard_V1_code\user\RTE
  C:\Keil_v5\ARM\PACK\Keil\STM32F4xx_DFP\2.7.0\Drivers\CMSIS\Device\ST\STM32F4xx\Include

<h2>Collection of Component Files used:</h2>
Build Time Elapsed:  00:00:04
</pre>
</body>
</html>
