Component: ARM Compiler 5.06 update 1 (build 61) Tool: armlink [4d35a8]

==============================================================================

Section Cross References

    stm32f4xx_it.o(.text) refers to ticks.o(.text) for TimeTick_Decrement
    main.o(.text) refers to ticks.o(.text) for SysTick_Init
    main.o(.text) refers to dbus.o(.text) for Dbus_init
    main.o(.text) refers to 1.8 tft_display.o(.text) for tft_init
    main.o(.text) refers to led.o(.text) for LED_master_init
    main.o(.text) refers to yaw_gyro.o(.text) for gyro_init
    main.o(.text) refers to adc.o(.text) for ADC1_init
    main.o(.text) refers to judge.o(.text) for judging_system_init
    main.o(.text) refers to pneumatic.o(.text) for pneumatic_init
    main.o(.text) refers to can1.o(.text) for CAN1_Configuration
    main.o(.text) refers to can2.o(.text) for CAN2_Configuration
    main.o(.text) refers to encoder.o(.text) for Quad_Encoder_Configuration
    main.o(.text) refers to pwm.o(.text) for Friction_wheel_init
    main.o(.text) refers to gimbal.o(.text) for gimbal_pid
    main.o(.text) refers to canbusprocess.o(.text) for Set_Gimbal_Current
    main.o(.text) refers to f2d.o(x$fpl$f2d) for __aeabi_f2d
    main.o(.text) refers to canbusprocess.o(.bss) for GMYawEncoder
    main.o(.text) refers to main.o(.data) for ticks_msimg
    main.o(.text) refers to gimbal.o(.data) for lpf_current
    main.o(.text) refers to dbus.o(.bss) for DBUS_ReceiveData
    main.o(.text) refers to gpio.o(.constdata) for PB3
    system_stm32f4xx.o(.text) refers to system_stm32f4xx.o(.data) for SystemCoreClock
    startup_stm32f40_41xxx.o(STACK) refers (Special) to heapauxi.o(.text) for __use_two_region_memory
    startup_stm32f40_41xxx.o(HEAP) refers (Special) to heapauxi.o(.text) for __use_two_region_memory
    startup_stm32f40_41xxx.o(RESET) refers (Special) to heapauxi.o(.text) for __use_two_region_memory
    startup_stm32f40_41xxx.o(RESET) refers to startup_stm32f40_41xxx.o(STACK) for __initial_sp
    startup_stm32f40_41xxx.o(RESET) refers to startup_stm32f40_41xxx.o(.text) for Reset_Handler
    startup_stm32f40_41xxx.o(RESET) refers to stm32f4xx_it.o(.text) for NMI_Handler
    startup_stm32f40_41xxx.o(RESET) refers to can1.o(.text) for CAN1_TX_IRQHandler
    startup_stm32f40_41xxx.o(RESET) refers to dbus.o(.text) for USART1_IRQHandler
    startup_stm32f40_41xxx.o(RESET) refers to judge.o(.text) for USART3_IRQHandler
    startup_stm32f40_41xxx.o(RESET) refers to yaw_gyro.o(.text) for TIM5_IRQHandler
    startup_stm32f40_41xxx.o(RESET) refers to can2.o(.text) for CAN2_TX_IRQHandler
    startup_stm32f40_41xxx.o(.text) refers (Special) to heapauxi.o(.text) for __use_two_region_memory
    startup_stm32f40_41xxx.o(.text) refers to system_stm32f4xx.o(.text) for SystemInit
    startup_stm32f40_41xxx.o(.text) refers to __main.o(!!!main) for __main
    startup_stm32f40_41xxx.o(.text) refers to startup_stm32f40_41xxx.o(HEAP) for Heap_Mem
    startup_stm32f40_41xxx.o(.text) refers to startup_stm32f40_41xxx.o(STACK) for Stack_Mem
    stm32f4xx_adc.o(.text) refers to stm32f4xx_rcc.o(.text) for RCC_APB2PeriphResetCmd
    stm32f4xx_can.o(.text) refers to stm32f4xx_rcc.o(.text) for RCC_APB1PeriphResetCmd
    stm32f4xx_gpio.o(.text) refers to stm32f4xx_rcc.o(.text) for RCC_AHB1PeriphResetCmd
    stm32f4xx_i2c.o(.text) refers to stm32f4xx_rcc.o(.text) for RCC_APB1PeriphResetCmd
    stm32f4xx_spi.o(.text) refers to stm32f4xx_rcc.o(.text) for RCC_APB2PeriphResetCmd
    stm32f4xx_syscfg.o(.text) refers to stm32f4xx_rcc.o(.text) for RCC_APB2PeriphResetCmd
    stm32f4xx_tim.o(.text) refers to stm32f4xx_rcc.o(.text) for RCC_APB2PeriphResetCmd
    stm32f4xx_usart.o(.text) refers to stm32f4xx_rcc.o(.text) for RCC_APB2PeriphResetCmd
    stm32f4xx_rcc.o(.text) refers to stm32f4xx_rcc.o(.data) for APBAHBPrescTable
    buzzer.o(.text) refers to stm32f4xx_tim.o(.text) for TIM_SetCompare3
    buzzer.o(.text) refers to gpio.o(.text) for timer_gpio_init
    buzzer.o(.text) refers to timer.o(.text) for timer_init
    buzzer.o(.text) refers to buzzer.o(.bss) for NOTE0_PERIOD
    buzzer.o(.text) refers to buzzer.o(.data) for i
    buzzer.o(.text) refers to gpio.o(.constdata) for PB1
    buzzer.o(.text) refers to system_stm32f4xx.o(.data) for SystemCoreClock
    gpio.o(.text) refers to stm32f4xx_gpio.o(.text) for GPIO_PinAFConfig
    gpio.o(.text) refers to stm32f4xx_rcc.o(.text) for RCC_AHB1PeriphClockCmd
    gpio.o(.text) refers to gpio.o(.constdata) for PA15
    ticks.o(.text) refers to system_stm32f4xx.o(.data) for SystemCoreClock
    ticks.o(.text) refers to ticks.o(.data) for sysTickDownCounter
    pwm.o(.text) refers to gpio.o(.text) for timer_gpio_init
    pwm.o(.text) refers to timer.o(.text) for timer_init
    pwm.o(.text) refers to stm32f4xx_gpio.o(.text) for GPIO_ResetBits
    pwm.o(.text) refers to stm32f4xx_tim.o(.text) for TIM_SetCompare1
    pwm.o(.text) refers to gpio.o(.constdata) for PA0
[...]
    ADC_GetSoftwareStartInjectedConvCmdStatus 0x08000bed   Thumb Code    20  stm32f4xx_adc.o(.text)
    ADC_AutoInjectedConvCmd                  0x08000c01   Thumb Code    22  stm32f4xx_adc.o(.text)
    ADC_InjectedDiscModeCmd                  0x08000c17   Thumb Code    22  stm32f4xx_adc.o(.text)
    ADC_GetInjectedConversionValue           0x08000c2d   Thumb Code    28  stm32f4xx_adc.o(.text)
    ADC_ITConfig                             0x08000c49   Thumb Code    56  stm32f4xx_adc.o(.text)
    ADC_GetFlagStatus                        0x08000c81   Thumb Code    18  stm32f4xx_adc.o(.text)
    ADC_ClearFlag                            0x08000c93   Thumb Code     6  stm32f4xx_adc.o(.text)
    ADC_GetITStatus                          0x08000c99   Thumb Code    38  stm32f4xx_adc.o(.text)
    ADC_ClearITPendingBit                    0x08000cbf   Thumb Code    10  stm32f4xx_adc.o(.text)
    CAN_DeInit                               0x08000cc9   Thumb Code    50  stm32f4xx_can.o(.text)
    CAN_Init                                 0x08000cfb   Thumb Code   276  stm32f4xx_can.o(.text)
    CAN_FilterInit                           0x08000e0f   Thumb Code   258  stm32f4xx_can.o(.text)
    CAN_StructInit                           0x08000f11   Thumb Code    32  stm32f4xx_can.o(.text)
    CAN_SlaveStartBank                       0x08000f31   Thumb Code    48  stm32f4xx_can.o(.text)
    CAN_DBGFreeze                            0x08000f61   Thumb Code    22  stm32f4xx_can.o(.text)
    CAN_TTComModeCmd                         0x08000f77   Thumb Code   118  stm32f4xx_can.o(.text)
    CAN_Transmit                             0x08000fed   Thumb Code   304  stm32f4xx_can.o(.text)
    CAN_TransmitStatus                       0x0800111d   Thumb Code   138  stm32f4xx_can.o(.text)
    CAN_CancelTransmit                       0x080011a7   Thumb Code    48  stm32f4xx_can.o(.text)
    CAN_Receive                              0x080011d7   Thumb Code   240  stm32f4xx_can.o(.text)
    CAN_FIFORelease                          0x080012c7   Thumb Code    22  stm32f4xx_can.o(.text)
    CAN_MessagePending                       0x080012dd   Thumb Code    30  stm32f4xx_can.o(.text)
    CAN_OperatingModeRequest                 0x080012fb   Thumb Code   162  stm32f4xx_can.o(.text)
    CAN_Sleep                                0x0800139d   Thumb Code    30  stm32f4xx_can.o(.text)
    CAN_WakeUp                               0x080013bb   Thumb Code    48  stm32f4xx_can.o(.text)
    CAN_GetLastErrorCode                     0x080013eb   Thumb Code    12  stm32f4xx_can.o(.text)
    CAN_GetReceiveErrorCounter               0x080013f7   Thumb Code    10  stm32f4xx_can.o(.text)
    CAN_GetLSBTransmitErrorCounter           0x08001401   Thumb Code    12  stm32f4xx_can.o(.text)
    CAN_ITConfig                             0x0800140d   Thumb Code    18  stm32f4xx_can.o(.text)
    CAN_GetFlagStatus                        0x0800141f   Thumb Code   120  stm32f4xx_can.o(.text)
    CAN_ClearFlag                            0x08001497   Thumb Code    52  stm32f4xx_can.o(.text)
    CAN_GetITStatus                          0x080014dd   Thumb Code   310  stm32f4xx_can.o(.text)
    CAN_ClearITPendingBit                    0x08001613   Thumb Code   162  stm32f4xx_can.o(.text)
    DMA_DeInit                               0x080016b9   Thumb Code   324  stm32f4xx_dma.o(.text)
    DMA_Init                                 0x080017fd   Thumb Code    82  stm32f4xx_dma.o(.text)
    DMA_StructInit                           0x0800184f   Thumb Code    34  stm32f4xx_dma.o(.text)
    DMA_Cmd                                  0x08001871   Thumb Code    22  stm32f4xx_dma.o(.text)
    DMA_PeriphIncOffsetSizeConfig            0x08001887   Thumb Code    22  stm32f4xx_dma.o(.text)
    DMA_FlowControllerConfig                 0x0800189d   Thumb Code    22  stm32f4xx_dma.o(.text)
    DMA_SetCurrDataCounter                   0x080018b3   Thumb Code     4  stm32f4xx_dma.o(.text)
    DMA_GetCurrDataCounter                   0x080018b7   Thumb Code     8  stm32f4xx_dma.o(.text)
    DMA_DoubleBufferModeConfig               0x080018bf   Thumb Code    24  stm32f4xx_dma.o(.text)
    DMA_DoubleBufferModeCmd                  0x080018d7   Thumb Code    22  stm32f4xx_dma.o(.text)
    DMA_MemoryTargetConfig                   0x080018ed   Thumb Code    10  stm32f4xx_dma.o(.text)
    DMA_GetCurrentMemoryTarget               0x080018f7   Thumb Code    20  stm32f4xx_dma.o(.text)
    DMA_GetCmdStatus                         0x0800190b   Thumb Code    20  stm32f4xx_dma.o(.text)
    DMA_GetFIFOStatus                        0x0800191f   Thumb Code    12  stm32f4xx_dma.o(.text)
    DMA_GetFlagStatus                        0x0800192b   Thumb Code    56  stm32f4xx_dma.o(.text)
    DMA_ClearFlag                            0x08001963   Thumb Code    40  stm32f4xx_dma.o(.text)
    DMA_ITConfig                             0x0800198b   Thumb Code    58  stm32f4xx_dma.o(.text)
    DMA_GetITStatus                          0x080019c5   Thumb Code    84  stm32f4xx_dma.o(.text)
    DMA_ClearITPendingBit                    0x08001a19   Thumb Code    40  stm32f4xx_dma.o(.text)
    GPIO_DeInit                              0x08001a61   Thumb Code   268  stm32f4xx_gpio.o(.text)
    GPIO_Init                                0x08001b6d   Thumb Code   144  stm32f4xx_gpio.o(.text)
    GPIO_StructInit                          0x08001bfd   Thumb Code    18  stm32f4xx_gpio.o(.text)
    GPIO_PinLockConfig                       0x08001c0f   Thumb Code    34  stm32f4xx_gpio.o(.text)
    GPIO_ReadInputDataBit                    0x08001c31   Thumb Code    18  stm32f4xx_gpio.o(.text)
    GPIO_ReadInputData                       0x08001c43   Thumb Code     8  stm32f4xx_gpio.o(.text)
    GPIO_ReadOutputDataBit                   0x08001c4b   Thumb Code    18  stm32f4xx_gpio.o(.text)
    GPIO_ReadOutputData                      0x08001c5d   Thumb Code     8  stm32f4xx_gpio.o(.text)
    GPIO_SetBits                             0x08001c65   Thumb Code     4  stm32f4xx_gpio.o(.text)
    GPIO_ResetBits                           0x08001c69   Thumb Code     4  stm32f4xx_gpio.o(.text)
    GPIO_WriteBit                            0x08001c6d   Thumb Code    10  stm32f4xx_gpio.o(.text)
    GPIO_Write                               0x08001c77   Thumb Code     4  stm32f4xx_gpio.o(.text)
    GPIO_ToggleBits                          0x08001c7b   Thumb Code     8  stm32f4xx_gpio.o(.text)
    GPIO_PinAFConfig                         0x08001c83   Thumb Code    70  stm32f4xx_gpio.o(.text)
    SPI_I2S_DeInit                           0x08001cf5   Thumb Code   152  stm32f4xx_spi.o(.text)
    SPI_Init                                 0x08001d8d   Thumb Code    60  stm32f4xx_spi.o(.text)
    I2S_Init                                 0x08001dc9   Thumb Code   396  stm32f4xx_spi.o(.text)
    SPI_StructInit                           0x08001f55   Thumb Code    24  stm32f4xx_spi.o(.text)
    I2S_StructInit                           0x08001f6d   Thumb Code    20  stm32f4xx_spi.o(.text)
    SPI_Cmd                                  0x08001f81   Thumb Code    24  stm32f4xx_spi.o(.text)
    I2S_Cmd                                  0x08001f99   Thumb Code    24  stm32f4xx_spi.o(.text)
    SPI_DataSizeConfig                       0x08001fb1   Thumb Code    18  stm32f4xx_spi.o(.text)
    SPI_BiDirectionalLineConfig              0x08001fc3   Thumb Code    28  stm32f4xx_spi.o(.text)
    SPI_NSSInternalSoftwareConfig            0x08001fdf   Thumb Code    30  stm32f4xx_spi.o(.text)
    SPI_SSOutputCmd                          0x08001ffd   Thumb Code    24  stm32f4xx_spi.o(.text)
    SPI_TIModeCmd                            0x08002015   Thumb Code    24  stm32f4xx_spi.o(.text)
    I2S_FullDuplexConfig                     0x0800202d   Thumb Code    80  stm32f4xx_spi.o(.text)
    SPI_I2S_ReceiveData                      0x0800207d   Thumb Code     6  stm32f4xx_spi.o(.text)
    SPI_I2S_SendData                         0x08002083   Thumb Code     4  stm32f4xx_spi.o(.text)
    SPI_CalculateCRC                         0x08002087   Thumb Code    24  stm32f4xx_spi.o(.text)
    SPI_TransmitCRC                          0x0800209f   Thumb Code    10  stm32f4xx_spi.o(.text)
    SPI_GetCRC                               0x080020a9   Thumb Code    16  stm32f4xx_spi.o(.text)
    SPI_GetCRCPolynomial                     0x080020b9   Thumb Code     6  stm32f4xx_spi.o(.text)
    SPI_I2S_DMACmd                           0x080020bf   Thumb Code    18  stm32f4xx_spi.o(.text)
    SPI_I2S_ITConfig                         0x080020d1   Thumb Code    68  stm32f4xx_spi.o(.text)
    SPI_I2S_GetFlagStatus                    0x08002115   Thumb Code    18  stm32f4xx_spi.o(.text)
    SPI_I2S_ClearFlag                        0x08002127   Thumb Code     6  stm32f4xx_spi.o(.text)
    SPI_I2S_GetITStatus                      0x0800212d   Thumb Code    52  stm32f4xx_spi.o(.text)
    SPI_I2S_ClearITPendingBit                0x08002161   Thumb Code    20  stm32f4xx_spi.o(.text)
    TIM_DeInit                               0x08002175   Thumb Code   346  stm32f4xx_tim.o(.text)
    TIM_TimeBaseInit                         0x080022cf   Thumb Code   104  stm32f4xx_tim.o(.text)
    TIM_TimeBaseStructInit                   0x08002337   Thumb Code    18  stm32f4xx_tim.o(.text)
    TIM_PrescalerConfig                      0x08002349   Thumb Code     6  stm32f4xx_tim.o(.text)
    TIM_CounterModeConfig                    0x0800234f   Thumb Code    18  stm32f4xx_tim.o(.text)
    TIM_SetCounter                           0x08002361   Thumb Code     4  stm32f4xx_tim.o(.text)
    TIM_SetAutoreload                        0x08002365   Thumb Code     4  stm32f4xx_tim.o(.text)
    TIM_GetCounter                           0x08002369   Thumb Code     6  stm32f4xx_tim.o(.text)
    TIM_GetPrescaler                         0x0800236f   Thumb Code     6  stm32f4xx_tim.o(.text)
    TIM_UpdateDisableConfig                  0x08002375   Thumb Code    24  stm32f4xx_tim.o(.text)
    TIM_UpdateRequestConfig                  0x0800238d   Thumb Code    24  stm32f4xx_tim.o(.text)
    TIM_ARRPreloadConfig                     0x080023a5   Thumb Code    24  stm32f4xx_tim.o(.text)
    TIM_SelectOnePulseMode                   0x080023bd   Thumb Code    18  stm32f4xx_tim.o(.text)
    TIM_SetClockDivision                     0x080023cf   Thumb Code    18  stm32f4xx_tim.o(.text)
    TIM_Cmd                                  0x080023e1   Thumb Code    24  stm32f4xx_tim.o(.text)
    TIM_OC1Init                              0x080023f9   Thumb Code   114  stm32f4xx_tim.o(.text)
    TIM_OC2Init                              0x0800246b   Thumb Code   154  stm32f4xx_tim.o(.text)
    TIM_OC3Init                              0x08002505   Thumb Code   204  stm32f4xx_tim.o(.text)
    TIM_OC4Init                              0x080025d1   Thumb Code   112  stm32f4xx_tim.o(.text)
    TIM_OCStructInit                         0x08002641   Thumb Code    20  stm32f4xx_tim.o(.text)
    TIM_SelectOCxM                           0x08002655   Thumb Code    86  stm32f4xx_tim.o(.text)
    TIM_SetCompare1                          0x080026ab   Thumb Code     4  stm32f4xx_tim.o(.text)
    TIM_SetCompare2                          0x080026af   Thumb Code     4  stm32f4xx_tim.o(.text)
    TIM_SetCompare3                          0x080026b3   Thumb Code     4  stm32f4xx_tim.o(.text)
    TIM_SetCompare4                          0x080026b7   Thumb Code     4  stm32f4xx_tim.o(.text)
    TIM_ForcedOC1Config                      0x080026bb   Thumb Code    18  stm32f4xx_tim.o(.text)
    TIM_ForcedOC2Config                      0x080026cd   Thumb Code    26  stm32f4xx_tim.o(.text)
    TIM_ForcedOC3Config                      0x080026e7   Thumb Code    18  stm32f4xx_tim.o(.text)
    TIM_ForcedOC4Config                      0x080026f9   Thumb Code    26  stm32f4xx_tim.o(.text)
    TIM_OC1PreloadConfig                     0x08002713   Thumb Code    18  stm32f4xx_tim.o(.text)
    TIM_OC2PreloadConfig                     0x08002725   Thumb Code    26  stm32f4xx_tim.o(.text)
    TIM_OC3PreloadConfig                     0x0800273f   Thumb Code    18  stm32f4xx_tim.o(.text)
    TIM_OC4PreloadConfig                     0x08002751   Thumb Code    26  stm32f4xx_tim.o(.text)
    TIM_OC1FastConfig                        0x0800276b   Thumb Code    18  stm32f4xx_tim.o(.text)
    TIM_OC2FastConfig                        0x0800277d   Thumb Code    26  stm32f4xx_tim.o(.text)
    TIM_OC3FastConfig                        0x08002797   Thumb Code    18  stm32f4xx_tim.o(.text)
    TIM_OC4FastConfig                        0x080027a9   Thumb Code    26  stm32f4xx_tim.o(.text)
    TIM_ClearOC1Ref                          0x080027c3   Thumb Code    18  stm32f4xx_tim.o(.text)
    TIM_ClearOC2Ref                          0x080027d5   Thumb Code    24  stm32f4xx_tim.o(.text)
    TIM_ClearOC3Ref                          0x080027ed   Thumb Code    18  stm32f4xx_tim.o(.text)
    TIM_ClearOC4Ref                          0x080027ff   Thumb Code    24  stm32f4xx_tim.o(.text)
    TIM_OC1PolarityConfig                    0x08002817   Thumb Code    18  stm32f4xx_tim.o(.text)
    TIM_OC1NPolarityConfig                   0x08002829   Thumb Code    18  stm32f4xx_tim.o(.text)
    TIM_OC2PolarityConfig                    0x0800283b   Thumb Code    26  stm32f4xx_tim.o(.text)
    TIM_OC2NPolarityConfig                   0x08002855   Thumb Code    26  stm32f4xx_tim.o(.text)
    TIM_OC3PolarityConfig                    0x0800286f   Thumb Code    26  stm32f4xx_tim.o(.text)
    TIM_OC3NPolarityConfig                   0x08002889   Thumb Code    26  stm32f4xx_tim.o(.text)
    TIM_OC4PolarityConfig                    0x080028a3   Thumb Code    26  stm32f4xx_tim.o(.text)
    TIM_CCxCmd                               0x080028bd   Thumb Code    30  stm32f4xx_tim.o(.text)
    TIM_CCxNCmd                              0x080028db   Thumb Code    30  stm32f4xx_tim.o(.text)
    TIM_SetIC4Prescaler                      0x080028f9   Thumb Code    26  stm32f4xx_tim.o(.text)
    TIM_SetIC3Prescaler                      0x08002963   Thumb Code    18  stm32f4xx_tim.o(.text)
    TIM_SetIC2Prescaler                      0x080029bd   Thumb Code    26  stm32f4xx_tim.o(.text)
    TIM_SetIC1Prescaler                      0x08002a31   Thumb Code    18  stm32f4xx_tim.o(.text)
    TIM_ICInit                               0x08002a7d   Thumb Code   110  stm32f4xx_tim.o(.text)
    TIM_ICStructInit                         0x08002aeb   Thumb Code    18  stm32f4xx_tim.o(.text)
    TIM_PWMIConfig                           0x08002afd   Thumb Code   124  stm32f4xx_tim.o(.text)
    TIM_GetCapture1                          0x08002b79   Thumb Code     6  stm32f4xx_tim.o(.text)
    TIM_GetCapture2                          0x08002b7f   Thumb Code     6  stm32f4xx_tim.o(.text)
    TIM_GetCapture3                          0x08002b85   Thumb Code     6  stm32f4xx_tim.o(.text)
    TIM_GetCapture4                          0x08002b8b   Thumb Code     6  stm32f4xx_tim.o(.text)
    TIM_BDTRConfig                           0x08002b91   Thumb Code    32  stm32f4xx_tim.o(.text)
    TIM_BDTRStructInit                       0x08002bb1   Thumb Code    18  stm32f4xx_tim.o(.text)
    TIM_CtrlPWMOutputs                       0x08002bc3   Thumb Code    30  stm32f4xx_tim.o(.text)
    TIM_SelectCOM                            0x08002be1   Thumb Code    24  stm32f4xx_tim.o(.text)
    TIM_CCPreloadControl                     0x08002bf9   Thumb Code    24  stm32f4xx_tim.o(.text)
    TIM_ITConfig                             0x08002c11   Thumb Code    18  stm32f4xx_tim.o(.text)
    TIM_GenerateEvent                        0x08002c23   Thumb Code     4  stm32f4xx_tim.o(.text)
    TIM_GetFlagStatus                        0x08002c27   Thumb Code    18  stm32f4xx_tim.o(.text)
    TIM_ClearFlag                            0x08002c39   Thumb Code     6  stm32f4xx_tim.o(.text)
    TIM_GetITStatus                          0x08002c3f   Thumb Code    34  stm32f4xx_tim.o(.text)
    TIM_ClearITPendingBit                    0x08002c61   Thumb Code     6  stm32f4xx_tim.o(.text)
    TIM_DMAConfig                            0x08002c67   Thumb Code    10  stm32f4xx_tim.o(.text)
    TIM_DMACmd                               0x08002c71   Thumb Code    18  stm32f4xx_tim.o(.text)
    TIM_SelectCCDMA                          0x08002c83   Thumb Code    24  stm32f4xx_tim.o(.text)
    TIM_InternalClockConfig                  0x08002c9b   Thumb Code    12  stm32f4xx_tim.o(.text)
    TIM_SelectInputTrigger                   0x08002ca7   Thumb Code    18  stm32f4xx_tim.o(.text)
    TIM_ITRxExternalClockConfig              0x08002cb9   Thumb Code    24  stm32f4xx_tim.o(.text)
    TIM_TIxExternalClockConfig               0x08002cd1   Thumb Code    62  stm32f4xx_tim.o(.text)
    TIM_ETRConfig                            0x08002d0f   Thumb Code    28  stm32f4xx_tim.o(.text)
    TIM_ETRClockMode1Config                  0x08002d2b   Thumb Code    54  stm32f4xx_tim.o(.text)
    TIM_ETRClockMode2Config                  0x08002d61   Thumb Code    32  stm32f4xx_tim.o(.text)
    TIM_SelectOutputTrigger                  0x08002d81   Thumb Code    18  stm32f4xx_tim.o(.text)
    TIM_SelectSlaveMode                      0x08002d93   Thumb Code    18  stm32f4xx_tim.o(.text)
    TIM_SelectMasterSlaveMode                0x08002da5   Thumb Code    18  stm32f4xx_tim.o(.text)
    TIM_EncoderInterfaceConfig               0x08002db7   Thumb Code    66  stm32f4xx_tim.o(.text)
    TIM_SelectHallSensor                     0x08002df9   Thumb Code    24  stm32f4xx_tim.o(.text)
    TIM_RemapConfig                          0x08002e11   Thumb Code     6  stm32f4xx_tim.o(.text)
    USART_DeInit                             0x08002e19   Thumb Code   206  stm32f4xx_usart.o(.text)
    USART_Init                               0x08002ee7   Thumb Code   204  stm32f4xx_usart.o(.text)
    USART_StructInit                         0x08002fb3   Thumb Code    24  stm32f4xx_usart.o(.text)
    USART_ClockInit                          0x08002fcb   Thumb Code    32  stm32f4xx_usart.o(.text)
    USART_ClockStructInit                    0x08002feb   Thumb Code    12  stm32f4xx_usart.o(.text)
    USART_Cmd                                0x08002ff7   Thumb Code    24  stm32f4xx_usart.o(.text)
    USART_SetPrescaler                       0x0800300f   Thumb Code    16  stm32f4xx_usart.o(.text)
    USART_OverSampling8Cmd                   0x0800301f   Thumb Code    22  stm32f4xx_usart.o(.text)
    USART_OneBitMethodCmd                    0x08003035   Thumb Code    24  stm32f4xx_usart.o(.text)
    USART_SendData                           0x0800304d   Thumb Code     8  stm32f4xx_usart.o(.text)
    USART_ReceiveData                        0x08003055   Thumb Code    10  stm32f4xx_usart.o(.text)
    USART_SetAddress                         0x0800305f   Thumb Code    18  stm32f4xx_usart.o(.text)
    USART_ReceiverWakeUpCmd                  0x08003071   Thumb Code    24  stm32f4xx_usart.o(.text)
    USART_WakeUpConfig                       0x08003089   Thumb Code    18  stm32f4xx_usart.o(.text)
    USART_LINBreakDetectLengthConfig         0x0800309b   Thumb Code    18  stm32f4xx_usart.o(.text)
    USART_LINCmd                             0x080030ad   Thumb Code    24  stm32f4xx_usart.o(.text)
    USART_SendBreak                          0x080030c5   Thumb Code    10  stm32f4xx_usart.o(.text)
    USART_HalfDuplexCmd                      0x080030cf   Thumb Code    24  stm32f4xx_usart.o(.text)
    USART_SetGuardTime                       0x080030e7   Thumb Code    16  stm32f4xx_usart.o(.text)
    USART_SmartCardCmd                       0x080030f7   Thumb Code    24  stm32f4xx_usart.o(.text)
    USART_SmartCardNACKCmd                   0x0800310f   Thumb Code    24  stm32f4xx_usart.o(.text)
    USART_IrDAConfig                         0x08003127   Thumb Code    18  stm32f4xx_usart.o(.text)
    USART_IrDACmd                            0x08003139   Thumb Code    24  stm32f4xx_usart.o(.text)
    USART_DMACmd                             0x08003151   Thumb Code    18  stm32f4xx_usart.o(.text)
    USART_ITConfig                           0x08003163   Thumb Code    74  stm32f4xx_usart.o(.text)
    USART_GetFlagStatus                      0x080031ad   Thumb Code    26  stm32f4xx_usart.o(.text)
    USART_ClearFlag                          0x080031c7   Thumb Code    18  stm32f4xx_usart.o(.text)
    USART_GetITStatus                        0x080031d9   Thumb Code   118  stm32f4xx_usart.o(.text)
    USART_ClearITPendingBit                  0x0800324f   Thumb Code    30  stm32f4xx_usart.o(.text)
    RCC_DeInit                               0x0800326d   Thumb Code    82  stm32f4xx_rcc.o(.text)
    RCC_HSEConfig                            0x080032bf   Thumb Code    14  stm32f4xx_rcc.o(.text)
    RCC_GetFlagStatus                        0x080032cd   Thumb Code    60  stm32f4xx_rcc.o(.text)
    RCC_WaitForHSEStartUp                    0x08003309   Thumb Code    56  stm32f4xx_rcc.o(.text)
    RCC_AdjustHSICalibrationValue            0x08003341   Thumb Code    20  stm32f4xx_rcc.o(.text)
    RCC_HSICmd                               0x08003355   Thumb Code     6  stm32f4xx_rcc.o(.text)
    RCC_LSEConfig                            0x0800335b   Thumb Code    46  stm32f4xx_rcc.o(.text)
    RCC_LSICmd                               0x08003389   Thumb Code     6  stm32f4xx_rcc.o(.text)
    RCC_PLLConfig                            0x0800338f   Thumb Code    32  stm32f4xx_rcc.o(.text)
    RCC_PLLCmd                               0x080033af   Thumb Code     6  stm32f4xx_rcc.o(.text)
    RCC_PLLI2SConfig                         0x080033b5   Thumb Code    14  stm32f4xx_rcc.o(.text)
    RCC_PLLI2SCmd                            0x080033c3   Thumb Code     6  stm32f4xx_rcc.o(.text)
    RCC_PLLSAIConfig                         0x080033c9   Thumb Code    20  stm32f4xx_rcc.o(.text)
    RCC_PLLSAICmd                            0x080033dd   Thumb Code     6  stm32f4xx_rcc.o(.text)
    RCC_ClockSecuritySystemCmd               0x080033e3   Thumb Code     6  stm32f4xx_rcc.o(.text)
    RCC_MCO1Config                           0x080033e9   Thumb Code    28  stm32f4xx_rcc.o(.text)
    RCC_MCO2Config                           0x08003405   Thumb Code    28  stm32f4xx_rcc.o(.text)
    RCC_SYSCLKConfig                         0x08003421   Thumb Code    20  stm32f4xx_rcc.o(.text)
    RCC_GetSYSCLKSource                      0x08003435   Thumb Code    12  stm32f4xx_rcc.o(.text)
    RCC_HCLKConfig                           0x08003441   Thumb Code    20  stm32f4xx_rcc.o(.text)
    RCC_PCLK1Config                          0x08003455   Thumb Code    20  stm32f4xx_rcc.o(.text)
    RCC_PCLK2Config                          0x08003469   Thumb Code    22  stm32f4xx_rcc.o(.text)
    RCC_GetClocksFreq                        0x0800347f   Thumb Code   222  stm32f4xx_rcc.o(.text)
    RCC_RTCCLKConfig                         0x0800355d   Thumb Code    54  stm32f4xx_rcc.o(.text)
    RCC_RTCCLKCmd                            0x08003593   Thumb Code     8  stm32f4xx_rcc.o(.text)
    RCC_BackupResetCmd                       0x0800359b   Thumb Code     8  stm32f4xx_rcc.o(.text)
    RCC_I2SCLKConfig                         0x080035a3   Thumb Code     6  stm32f4xx_rcc.o(.text)
    RCC_SAIPLLI2SClkDivConfig                0x080035a9   Thumb Code    26  stm32f4xx_rcc.o(.text)
    RCC_SAIPLLSAIClkDivConfig                0x080035c3   Thumb Code    28  stm32f4xx_rcc.o(.text)
    RCC_SAIBlockACLKConfig                   0x080035df   Thumb Code    20  stm32f4xx_rcc.o(.text)
    RCC_SAIBlockBCLKConfig                   0x080035f3   Thumb Code    20  stm32f4xx_rcc.o(.text)
    RCC_LTDCCLKDivConfig                     0x08003607   Thumb Code    20  stm32f4xx_rcc.o(.text)
    RCC_TIMCLKPresConfig                     0x0800361b   Thumb Code     6  stm32f4xx_rcc.o(.text)
    RCC_AHB1PeriphClockCmd                   0x08003621   Thumb Code    34  stm32f4xx_rcc.o(.text)
    RCC_AHB2PeriphClockCmd                   0x08003643   Thumb Code    78  stm32f4xx_rcc.o(.text)
    RCC_AHB3PeriphClockCmd                   0x08003691   Thumb Code    34  stm32f4xx_rcc.o(.text)
    RCC_APB1PeriphClockCmd                   0x080036b3   Thumb Code    34  stm32f4xx_rcc.o(.text)
    RCC_APB2PeriphClockCmd                   0x080036d5   Thumb Code    34  stm32f4xx_rcc.o(.text)
    RCC_AHB1PeriphResetCmd                   0x080036f7   Thumb Code    34  stm32f4xx_rcc.o(.text)
    RCC_AHB2PeriphResetCmd                   0x08003719   Thumb Code    34  stm32f4xx_rcc.o(.text)
    RCC_AHB3PeriphResetCmd                   0x0800373b   Thumb Code    34  stm32f4xx_rcc.o(.text)
    RCC_APB1PeriphResetCmd                   0x0800375d   Thumb Code    34  stm32f4xx_rcc.o(.text)
    RCC_APB2PeriphResetCmd                   0x0800377f   Thumb Code    34  stm32f4xx_rcc.o(.text)
    RCC_AHB1PeriphClockLPModeCmd             0x080037a1   Thumb Code    34  stm32f4xx_rcc.o(.text)
    RCC_AHB2PeriphClockLPModeCmd             0x080037c3   Thumb Code    34  stm32f4xx_rcc.o(.text)
    RCC_AHB3PeriphClockLPModeCmd             0x080037e5   Thumb Code    34  stm32f4xx_rcc.o(.text)
    RCC_APB1PeriphClockLPModeCmd             0x08003807   Thumb Code    34  stm32f4xx_rcc.o(.text)
    RCC_APB2PeriphClockLPModeCmd             0x08003829   Thumb Code    34  stm32f4xx_rcc.o(.text)
    RCC_LSEModeConfig                        0x0800384b   Thumb Code    40  stm32f4xx_rcc.o(.text)
    RCC_ITConfig                             0x08003873   Thumb Code    34  stm32f4xx_rcc.o(.text)
    RCC_ClearFlag                            0x08003895   Thumb Code    18  stm32f4xx_rcc.o(.text)
    RCC_GetITStatus                          0x080038a7   Thumb Code    22  stm32f4xx_rcc.o(.text)
    RCC_ClearITPendingBit                    0x080038bd   Thumb Code     8  stm32f4xx_rcc.o(.text)
    AF_config                                0x080038c9   Thumb Code   280  gpio.o(.text)
    gpio_rcc_init                            0x080039e1   Thumb Code   156  gpio.o(.text)
    gpio_init                                0x08003a7d   Thumb Code    54  gpio.o(.text)
    timer_gpio_init                          0x08003ab3   Thumb Code    48  gpio.o(.text)
    BUTTON_init                              0x08003ae3   Thumb Code    44  gpio.o(.text)
    LED_init                                 0x08003b0f   Thumb Code    78  gpio.o(.text)
    gpio_read_input                          0x08003b5d   Thumb Code    14  gpio.o(.text)
    gpio_write                               0x08003b6b   Thumb Code    18  gpio.o(.text)
    SysTick_Init                             0x08003b85   Thumb Code    90  ticks.o(.text)
    TimeTick_Decrement                       0x08003bdf   Thumb Code    18  ticks.o(.text)
    TimeTick_Increment                       0x08003bf1   Thumb Code    30  ticks.o(.text)
    get_ms_ticks                             0x08003c0f   Thumb Code     6  ticks.o(.text)
    delay_1ms                                0x08003c15   Thumb Code    18  ticks.o(.text)
    delay_nms                                0x08003c27   Thumb Code    16  ticks.o(.text)
    Brush_motor_pwm_dir_init                 0x08003c51   Thumb Code   106  pwm.o(.text)
    Brush_motor_control1                     0x08003cbb   Thumb Code    42  pwm.o(.text)
    Brush_motor_control2                     0x08003ce5   Thumb Code    42  pwm.o(.text)
    Friction_wheel_init                      0x08003d0f   Thumb Code   116  pwm.o(.text)
    Friction_wheel_control1                  0x08003d83   Thumb Code    14  pwm.o(.text)
    Friction_wheel_control2                  0x08003d91   Thumb Code    14  pwm.o(.text)
    Friction_wheel_control3                  0x08003d9f   Thumb Code    14  pwm.o(.text)
    timer_rcc_init                           0x08003dd1   Thumb Code   228  timer.o(.text)
    timer_init                               0x08003eb5   Thumb Code    54  timer.o(.text)
    pwm_timer_init                           0x08003eeb   Thumb Code   178  timer.o(.text)
    LED_master_init                          0x08003fd1   Thumb Code    10  led.o(.text)
    LED_control                              0x08003fdb   Thumb Code    30  led.o(.text)
    LED_blink                                0x08003ff9   Thumb Code    50  led.o(.text)
    tft_spi_init                             0x08004035   Thumb Code   178  1.8 tft_display.o(.text)
    tft_write_command                        0x080040e7   Thumb Code    72  1.8 tft_display.o(.text)
    tft_write_data                           0x0800412f   Thumb Code    72  1.8 tft_display.o(.text)
    tft_config                               0x08004177   Thumb Code   514  1.8 tft_display.o(.text)
    tft_reset                                0x08004379   Thumb Code    32  1.8 tft_display.o(.text)
    tft_fill_color                           0x08004399   Thumb Code    98  1.8 tft_display.o(.text)
    tft_set_special_color                    0x080043fb   Thumb Code     6  1.8 tft_display.o(.text)
    tft_set_text_color                       0x08004401   Thumb Code     6  1.8 tft_display.o(.text)
    tft_set_bg_color                         0x08004407   Thumb Code     6  1.8 tft_display.o(.text)
    tft_init                                 0x0800440d   Thumb Code   214  1.8 tft_display.o(.text)
    tft_enable                               0x080044e3   Thumb Code     8  1.8 tft_display.o(.text)
    tft_disable                              0x080044eb   Thumb Code     8  1.8 tft_display.o(.text)
    tft_get_bg_color                         0x080044f3   Thumb Code     6  1.8 tft_display.o(.text)
    tft_get_text_color                       0x080044f9   Thumb Code     6  1.8 tft_display.o(.text)
    tft_get_special_text_color               0x080044ff   Thumb Code     6  1.8 tft_display.o(.text)
    tft_get_orientation                      0x08004505   Thumb Code     6  1.8 tft_display.o(.text)
    tft_force_clear                          0x0800450b   Thumb Code    86  1.8 tft_display.o(.text)
    tft_set_orientation                      0x08004561   Thumb Code    28  1.8 tft_display.o(.text)
    tft_get_max_x_char                       0x0800457d   Thumb Code    24  1.8 tft_display.o(.text)
    tft_get_max_y_char                       0x08004595   Thumb Code    24  1.8 tft_display.o(.text)
    tft_set_pixel_pos                        0x080045ad   Thumb Code    78  1.8 tft_display.o(.text)
    tft_set_char_pos                         0x080045fb   Thumb Code    82  1.8 tft_display.o(.text)
    tft_clear_line                           0x0800464d   Thumb Code    68  1.8 tft_display.o(.text)
    tft_clear                                0x08004691   Thumb Code    22  1.8 tft_display.o(.text)
    tft_toggle                               0x080046a7   Thumb Code    34  1.8 tft_display.o(.text)
    tft_put_pixel                            0x080046c9   Thumb Code   100  1.8 tft_display.o(.text)
    tft_char_is_changed                      0x0800472d   Thumb Code   186  1.8 tft_display.o(.text)
    tft_prints                               0x080047e7   Thumb Code   268  1.8 tft_display.o(.text)
    tft_update                               0x080048f3   Thumb Code  1454  1.8 tft_display.o(.text)
    gyro_spi_init                            0x08004eb1   Thumb Code   306  yaw_gyro.o(.text)
    gyro_chip_deselect                       0x08004fe3   Thumb Code    12  yaw_gyro.o(.text)
    gyro_chip_select                         0x08004fef   Thumb Code    12  yaw_gyro.o(.text)
    spi_frame                                0x08004ffb   Thumb Code    72  yaw_gyro.o(.text)
    adis_write                               0x08005043   Thumb Code    50  yaw_gyro.o(.text)
    adis_read                                0x08005075   Thumb Code    34  yaw_gyro.o(.text)
    gyro_init                                0x08005097   Thumb Code    68  yaw_gyro.o(.text)
    gyro_get_vel                             0x080050db   Thumb Code    40  yaw_gyro.o(.text)
    gyro_cal                                 0x08005103   Thumb Code   116  yaw_gyro.o(.text)
    Abs                                      0x08005177   Thumb Code    14  yaw_gyro.o(.text)
    gyro_get_off                             0x08005185   Thumb Code    40  yaw_gyro.o(.text)
    gyro_cal_short                           0x080051ad   Thumb Code   140  yaw_gyro.o(.text)
    gyro_get_angle                           0x08005239   Thumb Code    18  yaw_gyro.o(.text)
    gyro_update                              0x0800524b   Thumb Code   434  yaw_gyro.o(.text)
    get_angle                                0x080053fd   Thumb Code     8  yaw_gyro.o(.text)
    gyro_get_flash                           0x08005405   Thumb Code    16  yaw_gyro.o(.text)
    gyro_get_power                           0x08005415   Thumb Code    30  yaw_gyro.o(.text)
    gyro_get_adc                             0x08005433   Thumb Code    30  yaw_gyro.o(.text)
    gyro_get_temp                            0x08005451   Thumb Code    30  yaw_gyro.o(.text)
    set_angle                                0x0800546f   Thumb Code    18  yaw_gyro.o(.text)
    TIM5_Int_Init                            0x08005481   Thumb Code   104  yaw_gyro.o(.text)
    yaw_axis_pid_cal                         0x080054e9   Thumb Code   166  yaw_gyro.o(.text)
    TIM5_IRQHandler                          0x0800558f   Thumb Code   158  yaw_gyro.o(.text)
    ADC1_init                                0x08005691   Thumb Code   254  adc.o(.text)
    ADC_raw_data                             0x0800578f   Thumb Code    12  adc.o(.text)
    get_5v                                   0x0800579b   Thumb Code    30  adc.o(.text)
    get_mcu_temperature                      0x080057b9   Thumb Code     6  adc.o(.text)
    Quad_Encoder_Configuration               0x080057d9   Thumb Code   178  encoder.o(.text)
    Encoder_Start1                           0x0800588b   Thumb Code    12  encoder.o(.text)
    Encoder_Start2                           0x08005897   Thumb Code    12  encoder.o(.text)
    GetQuadEncoderDiff1                      0x080058a3   Thumb Code    40  encoder.o(.text)
    GetQuadEncoderDiff2                      0x080058cb   Thumb Code    40  encoder.o(.text)
    pneumatic_init                           0x08005909   Thumb Code    28  pneumatic.o(.text)
    pneumatic_control                        0x08005925   Thumb Code    80  pneumatic.o(.text)
    CAN1_Configuration                       0x08005989   Thumb Code   262  can1.o(.text)
    CAN1_TX_IRQHandler                       0x08005a8f   Thumb Code    22  can1.o(.text)
    CAN1_RX0_IRQHandler                      0x08005aa5   Thumb Code    44  can1.o(.text)
    CAN2_Configuration                       0x08005add   Thumb Code   264  can2.o(.text)
    CAN2_TX_IRQHandler                       0x08005be5   Thumb Code    22  can2.o(.text)
    CAN2_RX0_IRQHandler                      0x08005bfb   Thumb Code    42  can2.o(.text)
    GetEncoderBias                           0x08005c2d   Thumb Code    26  canbusprocess.o(.text)
    EncoderProcess                           0x08005c47   Thumb Code   212  canbusprocess.o(.text)
    CanReceiveMsgProcess                     0x08005d1b   Thumb Code   218  canbusprocess.o(.text)
    Set_CM_Speed                             0x08005df5   Thumb Code    92  canbusprocess.o(.text)
    Set_Gimbal_Current                       0x08005e51   Thumb Code    92  canbusprocess.o(.text)
    Dbus_init                                0x08005ed9   Thumb Code   268  dbus.o(.text)
    DBUS_DataDecoding                        0x08005fe5   Thumb Code   266  dbus.o(.text)
    DBUS_CheckPush                           0x080060ef   Thumb Code    26  dbus.o(.text)
    USART1_IRQHandler                        0x08006109   Thumb Code    76  dbus.o(.text)
    judging_system_init                      0x08006179   Thumb Code   260  judge.o(.text)
    Get_CRC8_Check_Sum                       0x0800627d   Thumb Code    30  judge.o(.text)
    Verify_CRC8_Check_Sum                    0x0800629b   Thumb Code    46  judge.o(.text)
    Append_CRC8_Check_Sum                    0x080062c9   Thumb Code    36  judge.o(.text)
    Get_CRC16_Check_Sum                      0x080062ed   Thumb Code    46  judge.o(.text)
    Verify_CRC16_Check_Sum                   0x0800631b   Thumb Code    60  judge.o(.text)
    Append_CRC16_Check_Sum                   0x08006357   Thumb Code    44  judge.o(.text)
    Judge_InitConfig                         0x08006383   Thumb Code    38  judge.o(.text)
    USART3_IRQHandler                        0x080063a9   Thumb Code   308  judge.o(.text)
    gimbal_setyaw                            0x08006515   Thumb Code    16  gimbal.o(.text)
    gimbal_pid                               0x08006525   Thumb Code   194  gimbal.o(.text)
    low_pass_filter                          0x080065e7   Thumb Code    38  gimbal.o(.text)
    vsprintf                                 0x0800661d   Thumb Code    32  vsprintf.o(.text)
    __aeabi_memcpy                           0x08006641   Thumb Code     0  rt_memcpy_v6.o(.text)
    __rt_memcpy                              0x08006641   Thumb Code   138  rt_memcpy_v6.o(.text)
    _memcpy_lastbytes                        0x080066a7   Thumb Code     0  rt_memcpy_v6.o(.text)
    __use_two_region_memory                  0x080066cb   Thumb Code     2  heapauxi.o(.text)
    __rt_heap_escrow$2region                 0x080066cd   Thumb Code     2  heapauxi.o(.text)
    __rt_heap_expand$2region                 0x080066cf   Thumb Code     2  heapauxi.o(.text)
    _printf_pre_padding                      0x080066d1   Thumb Code    44  _printf_pad.o(.text)
    _printf_post_padding                     0x080066fd   Thumb Code    34  _printf_pad.o(.text)
    _printf_truncate_signed                  0x0800671f   Thumb Code    18  _printf_truncate.o(.text)
    _printf_truncate_unsigned                0x08006731   Thumb Code    18  _printf_truncate.o(.text)
    _printf_str                              0x08006743   Thumb Code    82  _printf_str.o(.text)
    _printf_int_dec                          0x08006795   Thumb Code   104  _printf_dec.o(.text)
    _printf_charcount                        0x0800680d   Thumb Code    40  _printf_charcount.o(.text)
    _printf_char_common                      0x0800683f   Thumb Code    32  _printf_char_common.o(.text)
    _sputc                                   0x08006865   Thumb Code    10  _sputc.o(.text)
    _printf_wctomb                           0x08006871   Thumb Code   182  _printf_wctomb.o(.text)
    _printf_longlong_dec                     0x0800692d   Thumb Code   108  _printf_longlong_dec.o(.text)
    _printf_longlong_oct                     0x080069a9   Thumb Code    68  _printf_oct_int_ll.o(.text)
    _printf_int_oct                          0x080069ed   Thumb Code    24  _printf_oct_int_ll.o(.text)
    _printf_ll_oct                           0x08006a05   Thumb Code    12  _printf_oct_int_ll.o(.text)
    _printf_longlong_hex                     0x08006a19   Thumb Code    86  _printf_hex_int_ll_ptr.o(.text)
    _printf_int_hex                          0x08006a6f   Thumb Code    28  _printf_hex_int_ll_ptr.o(.text)
    _printf_ll_hex                           0x08006a8b   Thumb Code    12  _printf_hex_int_ll_ptr.o(.text)
    _printf_hex_ptr                          0x08006a97   Thumb Code    18  _printf_hex_int_ll_ptr.o(.text)
    __printf                                 0x08006aad   Thumb Code   388  __printf_flags_ss_wp.o(.text)
    __aeabi_memcpy4                          0x08006c35   Thumb Code     0  rt_memcpy_w.o(.text)
    __aeabi_memcpy8                          0x08006c35   Thumb Code     0  rt_memcpy_w.o(.text)
    __rt_memcpy_w                            0x08006c35   Thumb Code   100  rt_memcpy_w.o(.text)
    _memcpy_lastbytes_aligned                0x08006c7d   Thumb Code     0  rt_memcpy_w.o(.text)
    _ll_udiv10                               0x08006c99   Thumb Code   138  lludiv10.o(.text)
    _printf_int_common                       0x08006d23   Thumb Code   178  _printf_intcommon.o(.text)
    __lib_sel_fp_printf                      0x08006dd5   Thumb Code     2  _printf_fp_dec.o(.text)
    _printf_fp_dec_real                      0x08006f83   Thumb Code   620  _printf_fp_dec.o(.text)
    _printf_fp_hex_real                      0x080071f1   Thumb Code   754  _printf_fp_hex.o(.text)
    _printf_cs_common                        0x080074ed   Thumb Code    20  _printf_char.o(.text)
    _printf_char                             0x08007501   Thumb Code    16  _printf_char.o(.text)
    _printf_string                           0x08007511   Thumb Code     8  _printf_char.o(.text)
    _printf_lcs_common                       0x08007519   Thumb Code    20  _printf_wchar.o(.text)
    _printf_wchar                            0x0800752d   Thumb Code    16  _printf_wchar.o(.text)
    _printf_wstring                          0x0800753d   Thumb Code     8  _printf_wchar.o(.text)
    _wcrtomb                                 0x08007545   Thumb Code    64  _wcrtomb.o(.text)
    __user_setup_stackheap                   0x08007585   Thumb Code    74  sys_stackheap_outer.o(.text)
    __rt_ctype_table                         0x080075d1   Thumb Code    16  rt_ctype_table.o(.text)
    __rt_locale                              0x080075e1   Thumb Code     8  rt_locale_intlibspace.o(.text)
    _printf_fp_infnan                        0x080075e9   Thumb Code   112  _printf_fp_infnan.o(.text)
    _btod_etento                             0x08007669   Thumb Code   216  bigflt0.o(.text)
    exit                                     0x08007745   Thumb Code    18  exit.o(.text)
    __user_libspace                          0x08007759   Thumb Code     8  libspace.o(.text)
    __user_perproc_libspace                  0x08007759   Thumb Code     0  libspace.o(.text)
    __user_perthread_libspace                0x08007759   Thumb Code     0  libspace.o(.text)
    strcmp                                   0x08007761   Thumb Code   128  strcmpv7m.o(.text)
    _sys_exit                                0x080077e1   Thumb Code     8  sys_exit.o(.text)
    __I$use$semihosting                      0x080077ed   Thumb Code     0  use_no_semi.o(.text)
    __use_no_semihosting_swi                 0x080077ed   Thumb Code     2  use_no_semi.o(.text)
    __semihosting_library_function           0x080077ef   Thumb Code     0  indicate_semi.o(.text)
    _btod_d2e                                0x080077ef   Thumb Code    62  btod.o(CL$$btod_d2e)
    _d2e_denorm_low                          0x0800782d   Thumb Code    70  btod.o(CL$$btod_d2e_denorm_low)
    _d2e_norm_op1                            0x08007873   Thumb Code    96  btod.o(CL$$btod_d2e_norm_op1)
    __btod_div_common                        0x080078d3   Thumb Code   696  btod.o(CL$$btod_div_common)
    _e2e                                     0x08007c0b   Thumb Code   198  btod.o(CL$$btod_e2e)
    _btod_ediv                               0x08007cd1   Thumb Code    40  btod.o(CL$$btod_ediv)
    _btod_emul                               0x08007cf9   Thumb Code    40  btod.o(CL$$btod_emul)
    __btod_mult_common                       0x08007d21   Thumb Code   580  btod.o(CL$$btod_mult_common)
    __ARM_fpclassify                         0x08007f65   Thumb Code    48  fpclassify.o(i.__ARM_fpclassify)
    _is_digit                                0x08007f95   Thumb Code    14  __printf_wp.o(i._is_digit)
    _get_lc_numeric                          0x08007fa5   Thumb Code    44  lc_numeric_c.o(locale$$code)
    _get_lc_ctype                            0x08007fd1   Thumb Code    44  lc_ctype_c.o(locale$$code)
    __aeabi_ddiv                             0x08007ffd   Thumb Code     0  ddiv.o(x$fpl$ddiv)
    _ddiv                                    0x08007ffd   Thumb Code   552  ddiv.o(x$fpl$ddiv)
    __aeabi_d2iz                             0x080082ad   Thumb Code     0  dfix.o(x$fpl$dfix)
    _dfix                                    0x080082ad   Thumb Code    94  dfix.o(x$fpl$dfix)
    __aeabi_i2d                              0x0800830b   Thumb Code     0  dflt_clz.o(x$fpl$dflt)
    _dflt                                    0x0800830b   Thumb Code    46  dflt_clz.o(x$fpl$dflt)
    __fpl_dnaninf                            0x08008339   Thumb Code   156  dnaninf.o(x$fpl$dnaninf)
    __fpl_dretinf                            0x080083d5   Thumb Code    12  dretinf.o(x$fpl$dretinf)
    __aeabi_f2d                              0x080083e1   Thumb Code     0  f2d.o(x$fpl$f2d)
    _f2d                                     0x080083e1   Thumb Code    86  f2d.o(x$fpl$f2d)
    __fpl_fnaninf                            0x08008437   Thumb Code   140  fnaninf.o(x$fpl$fnaninf)
    _fp_init                                 0x080084c3   Thumb Code    10  fpinit.o(x$fpl$fpinit)
    __fplib_config_fpu_vfp                   0x080084cb   Thumb Code     0  fpinit.o(x$fpl$fpinit)
    __fplib_config_pureend_doubles           0x080084cb   Thumb Code     0  fpinit.o(x$fpl$fpinit)
    _printf_fp_dec                           0x080084cd   Thumb Code     4  printf1.o(x$fpl$printf1)
    _printf_fp_hex                           0x080084d1   Thumb Code     4  printf2.o(x$fpl$printf2)
    PA0                                      0x080084d4   Data           8  gpio.o(.constdata)
    __I$use$fp                               0x080084d4   Number         0  usenofp.o(x$fpl$usenofp)
    PA1                                      0x080084dc   Data           8  gpio.o(.constdata)
    PA2                                      0x080084e4   Data           8  gpio.o(.constdata)
    PA3                                      0x080084ec   Data           8  gpio.o(.constdata)
    PA4                                      0x080084f4   Data           8  gpio.o(.constdata)
    PA5                                      0x080084fc   Data           8  gpio.o(.constdata)
    PA6                                      0x08008504   Data           8  gpio.o(.constdata)
    PA7                                      0x0800850c   Data           8  gpio.o(.constdata)
    PA8                                      0x08008514   Data           8  gpio.o(.constdata)
    PA9                                      0x0800851c   Data           8  gpio.o(.constdata)
    PA10                                     0x08008524   Data           8  gpio.o(.constdata)
    PA11                                     0x0800852c   Data           8  gpio.o(.constdata)
    PA12                                     0x08008534   Data           8  gpio.o(.constdata)
    PA13                                     0x0800853c   Data           8  gpio.o(.constdata)
    PA14                                     0x08008544   Data           8  gpio.o(.constdata)
    PA15                                     0x0800854c   Data           8  gpio.o(.constdata)
    PB0                                      0x08008554   Data           8  gpio.o(.constdata)
    PB1                                      0x0800855c   Data           8  gpio.o(.constdata)
    PB2                                      0x08008564   Data           8  gpio.o(.constdata)
    PB3                                      0x0800856c   Data           8  gpio.o(.constdata)
    PB4                                      0x08008574   Data           8  gpio.o(.constdata)
    PB5                                      0x0800857c   Data           8  gpio.o(.constdata)
    PB6                                      0x08008584   Data           8  gpio.o(.constdata)
    PB7                                      0x0800858c   Data           8  gpio.o(.constdata)
    PB8                                      0x08008594   Data           8  gpio.o(.constdata)
    PB9                                      0x0800859c   Data           8  gpio.o(.constdata)
    PB10                                     0x080085a4   Data           8  gpio.o(.constdata)
    PB11                                     0x080085ac   Data           8  gpio.o(.constdata)
    PB12                                     0x080085b4   Data           8  gpio.o(.constdata)
    PB13                                     0x080085bc   Data           8  gpio.o(.constdata)
    PB14                                     0x080085c4   Data           8  gpio.o(.constdata)
    PB15                                     0x080085cc   Data           8  gpio.o(.constdata)
    PC0                                      0x080085d4   Data           8  gpio.o(.constdata)
    PC1                                      0x080085dc   Data           8  gpio.o(.constdata)
    PC2                                      0x080085e4   Data           8  gpio.o(.constdata)
    PC3                                      0x080085ec   Data           8  gpio.o(.constdata)
    PC4                                      0x080085f4   Data           8  gpio.o(.constdata)
    PC5                                      0x080085fc   Data           8  gpio.o(.constdata)
    PC6                                      0x08008604   Data           8  gpio.o(.constdata)
    PC7                                      0x0800860c   Data           8  gpio.o(.constdata)
    PC8                                      0x08008614   Data           8  gpio.o(.constdata)
    PC9                                      0x0800861c   Data           8  gpio.o(.constdata)
    PC10                                     0x08008624   Data           8  gpio.o(.constdata)
    PC11                                     0x0800862c   Data           8  gpio.o(.constdata)
    PC12                                     0x08008634   Data           8  gpio.o(.constdata)
    PC13                                     0x0800863c   Data           8  gpio.o(.constdata)
    PC14                                     0x08008644   Data           8  gpio.o(.constdata)
    PC15                                     0x0800864c   Data           8  gpio.o(.constdata)
    PD0                                      0x08008654   Data           8  gpio.o(.constdata)
    PD1                                      0x0800865c   Data           8  gpio.o(.constdata)
    PD2                                      0x08008664   Data           8  gpio.o(.constdata)
    PD3                                      0x0800866c   Data           8  gpio.o(.constdata)
    PD4                                      0x08008674   Data           8  gpio.o(.constdata)
    PD5                                      0x0800867c   Data           8  gpio.o(.constdata)
    PD6                                      0x08008684   Data           8  gpio.o(.constdata)
    PD7                                      0x0800868c   Data           8  gpio.o(.constdata)
    PD8                                      0x08008694   Data           8  gpio.o(.constdata)
    PD9                                      0x0800869c   Data           8  gpio.o(.constdata)
    PD10                                     0x080086a4   Data           8  gpio.o(.constdata)
    PD11                                     0x080086ac   Data           8  gpio.o(.constdata)
    PD12                                     0x080086b4   Data           8  gpio.o(.constdata)
    PD13                                     0x080086bc   Data           8  gpio.o(.constdata)
    PD14                                     0x080086c4   Data           8  gpio.o(.constdata)
    PD15                                     0x080086cc   Data           8  gpio.o(.constdata)
    PE0                                      0x080086d4   Data           8  gpio.o(.constdata)
    PE1                                      0x080086dc   Data           8  gpio.o(.constdata)
    PE2                                      0x080086e4   Data           8  gpio.o(.constdata)
    PE3                                      0x080086ec   Data           8  gpio.o(.constdata)
    PE4                                      0x080086f4   Data           8  gpio.o(.constdata)
    PE5                                      0x080086fc   Data           8  gpio.o(.constdata)
    PE6                                      0x08008704   Data           8  gpio.o(.constdata)
    PE7                                      0x0800870c   Data           8  gpio.o(.constdata)
    PE8                                      0x08008714   Data           8  gpio.o(.constdata)
    PE9                                      0x0800871c   Data           8  gpio.o(.constdata)
    PE10                                     0x08008724   Data           8  gpio.o(.constdata)
    PE11                                     0x0800872c   Data           8  gpio.o(.constdata)
    PE12                                     0x08008734   Data           8  gpio.o(.constdata)
    PE13                                     0x0800873c   Data           8  gpio.o(.constdata)
    PE14                                     0x08008744   Data           8  gpio.o(.constdata)
    PE15                                     0x0800874c   Data           8  gpio.o(.constdata)
    PF0                                      0x08008754   Data           8  gpio.o(.constdata)
    PF1                                      0x0800875c   Data           8  gpio.o(.constdata)
    PF2                                      0x08008764   Data           8  gpio.o(.constdata)
    PF3                                      0x0800876c   Data           8  gpio.o(.constdata)
    PF4                                      0x08008774   Data           8  gpio.o(.constdata)
    PF5                                      0x0800877c   Data           8  gpio.o(.constdata)
    PF6                                      0x08008784   Data           8  gpio.o(.constdata)
    PF7                                      0x0800878c   Data           8  gpio.o(.constdata)
    PF8                                      0x08008794   Data           8  gpio.o(.constdata)
    PF9                                      0x0800879c   Data           8  gpio.o(.constdata)
    PF10                                     0x080087a4   Data           8  gpio.o(.constdata)
    PF11                                     0x080087ac   Data           8  gpio.o(.constdata)
    PF12                                     0x080087b4   Data           8  gpio.o(.constdata)
    PF13                                     0x080087bc   Data           8  gpio.o(.constdata)
    PF14                                     0x080087c4   Data           8  gpio.o(.constdata)
    PF15                                     0x080087cc   Data           8  gpio.o(.constdata)
    PG0                                      0x080087d4   Data           8  gpio.o(.constdata)
    PG1                                      0x080087dc   Data           8  gpio.o(.constdata)
    PG2                                      0x080087e4   Data           8  gpio.o(.constdata)
    PG3                                      0x080087ec   Data           8  gpio.o(.constdata)
    PG4                                      0x080087f4   Data           8  gpio.o(.constdata)
    PG5                                      0x080087fc   Data           8  gpio.o(.constdata)
    PG6                                      0x08008804   Data           8  gpio.o(.constdata)
    PG7                                      0x0800880c   Data           8  gpio.o(.constdata)
    PG8                                      0x08008814   Data           8  gpio.o(.constdata)
    PG9                                      0x0800881c   Data           8  gpio.o(.constdata)
    PG10                                     0x08008824   Data           8  gpio.o(.constdata)
    PG11                                     0x0800882c   Data           8  gpio.o(.constdata)
    PG12                                     0x08008834   Data           8  gpio.o(.constdata)
    PG13                                     0x0800883c   Data           8  gpio.o(.constdata)
    PG14                                     0x08008844   Data           8  gpio.o(.constdata)
    PG15                                     0x0800884c   Data           8  gpio.o(.constdata)
    CRC8_INIT                                0x08008854   Data           1  judge.o(.constdata)
    CRC8_TAB                                 0x08008855   Data         256  judge.o(.constdata)
    wCRC_Table                               0x08008956   Data         512  judge.o(.constdata)
    Region$$Table$$Base                      0x08008c54   Number         0  anon$$obj.o(Region$$Table)
    Region$$Table$$Limit                     0x08008c74   Number         0  anon$$obj.o(Region$$Table)
    __ctype                                  0x08008c9d   Data           0  lc_ctype_c.o(locale$$data)
    msg                                      0x20001004   Data           4  main.o(.data)
    target_angle                             0x20001008   Data           4  main.o(.data)
    max                                      0x2000100c   Data           4  main.o(.data)
    w                                        0x20001010   Data           4  main.o(.data)
    SystemCoreClock                          0x20001054   Data           4  system_stm32f4xx.o(.data)
    AHBPrescTable                            0x20001058   Data          16  system_stm32f4xx.o(.data)
    curr_bg_color                            0x20002082   Data           2  1.8 tft_display.o(.data)
    curr_text_color                          0x20002084   Data           2  1.8 tft_display.o(.data)
    curr_text_color_sp                       0x20002086   Data           2  1.8 tft_display.o(.data)
    tft_orientation                          0x20002088   Data           1  1.8 tft_display.o(.data)
    tft_enabled                              0x20002089   Data           1  1.8 tft_display.o(.data)
    print_pos                                0x2000208a   Data           2  1.8 tft_display.o(.data)
    curr_ang_vel                             0x2000308c   Data           2  yaw_gyro.o(.data)
    prev_ang_vel                             0x2000308e   Data           2  yaw_gyro.o(.data)
    gyro_angle                               0x20003090   Data           4  yaw_gyro.o(.data)
    curr_real_angle                          0x20003094   Data           2  yaw_gyro.o(.data)
    prev_real_angle                          0x20003096   Data           2  yaw_gyro.o(.data)
    gyro_cal_result                          0x20003098   Data           2  yaw_gyro.o(.data)
    gyro_state                               0x2000309a   Data           1  yaw_gyro.o(.data)
    sim1_angle                               0x2000309c   Data           4  yaw_gyro.o(.data)
    sim2_angle                               0x200030a0   Data           4  yaw_gyro.o(.data)
    sim_factor                               0x200030a4   Data           1  yaw_gyro.o(.data)
    sim_before                               0x200030a8   Data           4  yaw_gyro.o(.data)
    sim_now                                  0x200030ac   Data           4  yaw_gyro.o(.data)
    sim_angle                                0x200030b0   Data           4  yaw_gyro.o(.data)
    real_angle                               0x200030b4   Data           2  yaw_gyro.o(.data)
    sim_angle_off                            0x200030b6   Data           2  yaw_gyro.o(.data)
    yaw_Kp                                   0x200030b8   Data           4  yaw_gyro.o(.data)
    yaw_Ki                                   0x200030bc   Data           4  yaw_gyro.o(.data)
    yaw_Kd                                   0x200030c0   Data           4  yaw_gyro.o(.data)
    yaw_temp_derivative                      0x200030c4   Data           4  yaw_gyro.o(.data)
    yaw_temp_integral                        0x200030c8   Data           4  yaw_gyro.o(.data)
    yaw_pre_error                            0x200030cc   Data           4  yaw_gyro.o(.data)
    yaw_pid_output_angle                     0x200030d0   Data           4  yaw_gyro.o(.data)
    angle_updated                            0x200030d4   Data           4  yaw_gyro.o(.data)
    old_yaw                                  0x200030d8   Data           4  yaw_gyro.o(.data)
    yaw_turn_time                            0x200030dc   Data           2  yaw_gyro.o(.data)
    output_angle                             0x200030e0   Data           4  yaw_gyro.o(.data)
    connected_timer                          0x200030ec   Data           1  dbus.o(.data)
    UARTtemp                                 0x200030ed   Data           1  dbus.o(.data)
    CRC_INIT                                 0x200030f0   Data           2  judge.o(.data)
    UARTtemp1                                0x200030f2   Data           1  judge.o(.data)
    FT                                       0x200030f4   Data           4  judge.o(.data)
    lpf_a                                    0x200030f8   Data           4  gimbal.o(.data)
    gimbal_yaw_target                        0x200030fc   Data           4  gimbal.o(.data)
    lpf_current                              0x20003100   Data           4  gimbal.o(.data)
    text                                     0x20003104   Data         240  1.8 tft_display.o(.bss)
    text_prev                                0x200031f4   Data         240  1.8 tft_display.o(.bss)
    text_color                               0x200032e4   Data         480  1.8 tft_display.o(.bss)
    text_color_prev                          0x200034c4   Data         480  1.8 tft_display.o(.bss)
    bg_color                                 0x200036a4   Data         480  1.8 tft_display.o(.bss)
    bg_color_prev                            0x20003884   Data         480  1.8 tft_display.o(.bss)
    text_bg_color_prev                       0x20003a64   Data         240  1.8 tft_display.o(.bss)
    ADC1_level                               0x20003b54   Data          34  adc.o(.bss)
    CM1Encoder                               0x20003b78   Data          64  canbusprocess.o(.bss)
    CM2Encoder                               0x20003bb8   Data          64  canbusprocess.o(.bss)
    CM3Encoder                               0x20003bf8   Data          64  canbusprocess.o(.bss)
    CM4Encoder                               0x20003c38   Data          64  canbusprocess.o(.bss)
    GMYawEncoder                             0x20003c78   Data          64  canbusprocess.o(.bss)
    GMPitchEncoder                           0x20003cb8   Data          64  canbusprocess.o(.bss)
    GMxEncoder                               0x20003cf8   Data          64  canbusprocess.o(.bss)
    DBUS_ReceiveData                         0x20003d38   Data          24  dbus.o(.bss)
    LASTDBUS_ReceiveData                     0x20003d50   Data          24  dbus.o(.bss)
    DBUSBuffer                               0x20003d68   Data          19  dbus.o(.bss)
    InfantryJudge                            0x20003d7c   Data          16  judge.o(.bss)
    JudgeDataBuffer                          0x20003d8c   Data         150  judge.o(.bss)
    __libspace_start                         0x20003e24   Data          96  libspace.o(.bss)
    __temporary_stack_top$libspace           0x20003e84   Data           0  libspace.o(.bss)



==============================================================================

Memory Map of the image

  Image Entry point : 0x08000189

  Load Region LR_IROM1 (Base: 0x08000000, Size: 0x0000bea4, Max: 0x00100000, ABSOLUTE, COMPRESSED[0x000094f4])

    Execution Region ER_IROM1 (Base: 0x08000000, Size: 0x00008da0, Max: 0x00100000, ABSOLUTE)

    Base Addr    Size         Type   Attr      Idx    E Section Name        Object

    0x08000000   0x00000188   Data   RO          291    RESET               startup_stm32f40_41xxx.o
    0x08000188   0x00000008   Code   RO         1284  * !!!main             c_w.l(__main.o)
    0x08000190   0x00000034   Code   RO         1643    !!!scatter          c_w.l(__scatter.o)
    0x080001c4   0x00000064   Code   RO         1641    !!dclz77c           c_w.l(__dclz77c.o)
    0x08000228   0x0000001c   Code   RO         1645    !!handler_zi        c_w.l(__scatter_zi.o)
    0x08000244   0x00000000   Code   RO         1394    .ARM.Collect$$_printf_percent$$00000000  c_w.l(_printf_percent.o)
    0x08000244   0x00000006   Code   RO         1383    .ARM.Collect$$_printf_percent$$00000001  c_w.l(_printf_n.o)
    0x0800024a   0x00000006   Code   RO         1385    .ARM.Collect$$_printf_percent$$00000002  c_w.l(_printf_p.o)
    0x08000250   0x00000006   Code   RO         1390    .ARM.Collect$$_printf_percent$$00000003  c_w.l(_printf_f.o)
    0x08000256   0x00000006   Code   RO         1391    .ARM.Collect$$_printf_percent$$00000004  c_w.l(_printf_e.o)
    0x0800025c   0x00000006   Code   RO         1392    .ARM.Collect$$_printf_percent$$00000005  c_w.l(_printf_g.o)
    0x08000262   0x00000006   Code   RO         1393    .ARM.Collect$$_printf_percent$$00000006  c_w.l(_printf_a.o)
    0x08000268   0x0000000a   Code   RO         1398    .ARM.Collect$$_printf_percent$$00000007  c_w.l(_printf_ll.o)
    0x08000272   0x00000006   Code   RO         1387    .ARM.Collect$$_printf_percent$$00000008  c_w.l(_printf_i.o)
    0x08000278   0x00000006   Code   RO         1388    .ARM.Collect$$_printf_percent$$00000009  c_w.l(_printf_d.o)
    0x0800027e   0x00000006   Code   RO         1389    .ARM.Collect$$_printf_percent$$0000000A  c_w.l(_printf_u.o)
    0x08000284   0x00000006   Code   RO         1386    .ARM.Collect$$_printf_percent$$0000000B  c_w.l(_printf_o.o)
    0x0800028a   0x00000006   Code   RO         1384    .ARM.Collect$$_printf_percent$$0000000C  c_w.l(_printf_x.o)
    0x08000290   0x00000006   Code   RO         1395    .ARM.Collect$$_printf_percent$$0000000D  c_w.l(_printf_lli.o)
    0x08000296   0x00000006   Code   RO         1396    .ARM.Collect$$_printf_percent$$0000000E  c_w.l(_printf_lld.o)
    0x0800029c   0x00000006   Code   RO         1397    .ARM.Collect$$_printf_percent$$0000000F  c_w.l(_printf_llu.o)
    0x080002a2   0x00000006   Code   RO         1402    .ARM.Collect$$_printf_percent$$00000010  c_w.l(_printf_llo.o)
    0x080002a8   0x00000006   Code   RO         1403    .ARM.Collect$$_printf_percent$$00000011  c_w.l(_printf_llx.o)
    0x080002ae   0x0000000a   Code   RO         1399    .ARM.Collect$$_printf_percent$$00000012  c_w.l(_printf_l.o)
    0x080002b8   0x00000006   Code   RO         1381    .ARM.Collect$$_printf_percent$$00000013  c_w.l(_printf_c.o)
    0x080002be   0x00000006   Code   RO         1382    .ARM.Collect$$_printf_percent$$00000014  c_w.l(_printf_s.o)
    0x080002c4   0x00000006   Code   RO         1400    .ARM.Collect$$_printf_percent$$00000015  c_w.l(_printf_lc.o)
    0x080002ca   0x00000006   Code   RO         1401    .ARM.Collect$$_printf_percent$$00000016  c_w.l(_printf_ls.o)
    0x080002d0   0x00000004   Code   RO         1453    .ARM.Collect$$_printf_percent$$00000017  c_w.l(_printf_percent_end.o)
    0x080002d4   0x00000002   Code   RO         1502    .ARM.Collect$$libinit$$00000000  c_w.l(libinit.o)
    0x080002d6   0x00000004   Code   RO         1517    .ARM.Collect$$libinit$$00000001  c_w.l(libinit2.o)
    0x080002da   0x00000000   Code   RO         1520    .ARM.Collect$$libinit$$00000004  c_w.l(libinit2.o)
    0x080002da   0x00000000   Code   RO         1523    .ARM.Collect$$libinit$$0000000A  c_w.l(libinit2.o)
    0x080002da   0x00000000   Code   RO         1525    .ARM.Collect$$libinit$$0000000C  c_w.l(libinit2.o)
    0x080002da   0x00000000   Code   RO         1527    .ARM.Collect$$libinit$$0000000E  c_w.l(libinit2.o)
    0x080002da   0x00000006   Code   RO         1528    .ARM.Collect$$libinit$$0000000F  c_w.l(libinit2.o)
    0x080002e0   0x00000000   Code   RO         1530    .ARM.Collect$$libinit$$00000011  c_w.l(libinit2.o)
    0x080002e0   0x0000000c   Code   RO         1531    .ARM.Collect$$libinit$$00000012  c_w.l(libinit2.o)
    0x080002ec   0x00000000   Code   RO         1532    .ARM.Collect$$libinit$$00000013  c_w.l(libinit2.o)
    0x080002ec   0x00000000   Code   RO         1534    .ARM.Collect$$libinit$$00000015  c_w.l(libinit2.o)
    0x080002ec   0x0000000a   Code   RO         1535    .ARM.Collect$$libinit$$00000016  c_w.l(libinit2.o)
    0x080002f6   0x00000000   Code   RO         1536    .ARM.Collect$$libinit$$00000017  c_w.l(libinit2.o)
    0x080002f6   0x00000000   Code   RO         1538    .ARM.Collect$$libinit$$00000019  c_w.l(libinit2.o)
    0x080002f6   0x00000000   Code   RO         1540    .ARM.Collect$$libinit$$0000001B  c_w.l(libinit2.o)
    0x080002f6   0x00000000   Code   RO         1542    .ARM.Collect$$libinit$$0000001D  c_w.l(libinit2.o)
    0x080002f6   0x00000000   Code   RO         1544    .ARM.Collect$$libinit$$0000001F  c_w.l(libinit2.o)
    0x080002f6   0x00000000   Code   RO         1546    .ARM.Collect$$libinit$$00000021  c_w.l(libinit2.o)
    0x080002f6   0x00000000   Code   RO         1548    .ARM.Collect$$libinit$$00000023  c_w.l(libinit2.o)
    0x080002f6   0x00000000   Code   RO         1550    .ARM.Collect$$libinit$$00000025  c_w.l(libinit2.o)
    0x080002f6   0x00000000   Code   RO         1554    .ARM.Collect$$libinit$$0000002C  c_w.l(libinit2.o)
    0x080002f6   0x00000000   Code   RO         1556    .ARM.Collect$$libinit$$0000002E  c_w.l(libinit2.o)
    0x080002f6   0x00000000   Code   RO         1558    .ARM.Collect$$libinit$$00000030  c_w.l(libinit2.o)
    0x080002f6   0x00000000   Code   RO         1560    .ARM.Collect$$libinit$$00000032  c_w.l(libinit2.o)
    0x080002f6   0x00000002   Code   RO         1561    .ARM.Collect$$libinit$$00000033  c_w.l(libinit2.o)
    0x080002f8   0x00000002   Code   RO         1581    .ARM.Collect$$libshutdown$$00000000  c_w.l(libshutdown.o)
    0x080002fa   0x00000000   Code   RO         1594    .ARM.Collect$$libshutdown$$00000002  c_w.l(libshutdown2.o)
    0x080002fa   0x00000000   Code   RO         1596    .ARM.Collect$$libshutdown$$00000004  c_w.l(libshutdown2.o)
    0x080002fa   0x00000000   Code   RO         1599    .ARM.Collect$$libshutdown$$00000007  c_w.l(libshutdown2.o)
    0x080002fa   0x00000000   Code   RO         1602    .ARM.Collect$$libshutdown$$0000000A  c_w.l(libshutdown2.o)
    0x080002fa   0x00000000   Code   RO         1604    .ARM.Collect$$libshutdown$$0000000C  c_w.l(libshutdown2.o)
    0x080002fa   0x00000000   Code   RO         1607    .ARM.Collect$$libshutdown$$0000000F  c_w.l(libshutdown2.o)
    0x080002fa   0x00000002   Code   RO         1608    .ARM.Collect$$libshutdown$$00000010  c_w.l(libshutdown2.o)
    0x080002fc   0x00000000   Code   RO         1312    .ARM.Collect$$rtentry$$00000000  c_w.l(__rtentry.o)
    0x080002fc   0x00000000   Code   RO         1424    .ARM.Collect$$rtentry$$00000002  c_w.l(__rtentry2.o)
    0x080002fc   0x00000006   Code   RO         1436    .ARM.Collect$$rtentry$$00000004  c_w.l(__rtentry4.o)
    0x08000302   0x00000000   Code   RO         1426    .ARM.Collect$$rtentry$$00000009  c_w.l(__rtentry2.o)
    0x08000302   0x00000004   Code   RO         1427    .ARM.Collect$$rtentry$$0000000A  c_w.l(__rtentry2.o)
    0x08000306   0x00000000   Code   RO         1429    .ARM.Collect$$rtentry$$0000000C  c_w.l(__rtentry2.o)
    0x08000306   0x00000008   Code   RO         1430    .ARM.Collect$$rtentry$$0000000D  c_w.l(__rtentry2.o)
    0x0800030e   0x00000002   Code   RO         1510    .ARM.Collect$$rtexit$$00000000  c_w.l(rtexit.o)
    0x08000310   0x00000000   Code   RO         1563    .ARM.Collect$$rtexit$$00000002  c_w.l(rtexit2.o)
    0x08000310   0x00000004   Code   RO         1564    .ARM.Collect$$rtexit$$00000003  c_w.l(rtexit2.o)
    0x08000314   0x00000006   Code   RO         1565    .ARM.Collect$$rtexit$$00000004  c_w.l(rtexit2.o)
    0x0800031a   0x00000024   Code   RO            4    .text               stm32f4xx_it.o
    0x0800033e   0x00000002   PAD
    0x08000340   0x000001f4   Code   RO          151    .text               main.o
    0x08000534   0x00000210   Code   RO          262    .text               system_stm32f4xx.o
    0x08000744   0x00000040   Code   RO          292    .text               startup_stm32f40_41xxx.o
    0x08000784   0x000000e0   Code   RO          299    .text               misc.o
    0x08000864   0x00000464   Code   RO          349    .text               stm32f4xx_adc.o
    0x08000cc8   0x000009f0   Code   RO          373    .text               stm32f4xx_can.o
    0x080016b8   0x000003a8   Code   RO          421    .text               stm32f4xx_dma.o
    0x08001a60   0x00000294   Code   RO          469    .text               stm32f4xx_gpio.o
    0x08001cf4   0x00000480   Code   RO          517    .text               stm32f4xx_spi.o
    0x08002174   0x00000ca2   Code   RO          565    .text               stm32f4xx_tim.o
    0x08002e16   0x00000002   PAD
    0x08002e18   0x00000454   Code   RO          589    .text               stm32f4xx_usart.o
    0x0800326c   0x0000065c   Code   RO          613    .text               stm32f4xx_rcc.o
    0x080038c8   0x000002bc   Code   RO          673    .text               gpio.o
    0x08003b84   0x000000cc   Code   RO          703    .text               ticks.o
    0x08003c50   0x00000180   Code   RO          733    .text               pwm.o
    0x08003dd0   0x00000200   Code   RO          760    .text               timer.o
    0x08003fd0   0x00000064   Code   RO          815    .text               led.o
    0x08004034   0x00000e7c   Code   RO          868    .text               1.8 tft_display.o
    0x08004eb0   0x000007e0   Code   RO          943    .text               yaw_gyro.o
    0x08005690   0x00000148   Code   RO          978    .text               adc.o
    0x080057d8   0x00000130   Code   RO         1013    .text               encoder.o
    0x08005908   0x00000080   Code   RO         1039    .text               pneumatic.o
    0x08005988   0x00000154   Code   RO         1063    .text               can1.o
    0x08005adc   0x00000150   Code   RO         1091    .text               can2.o
    0x08005c2c   0x000002ac   Code   RO         1118    .text               canbusprocess.o
    0x08005ed8   0x000002a0   Code   RO         1153    .text               dbus.o
    0x08006178   0x0000039c   Code   RO         1184    .text               judge.o
    0x08006514   0x00000108   Code   RO         1249    .text               gimbal.o
    0x0800661c   0x00000024   Code   RO         1278    .text               c_w.l(vsprintf.o)
    0x08006640   0x0000008a   Code   RO         1280    .text               c_w.l(rt_memcpy_v6.o)
    0x080066ca   0x00000006   Code   RO         1282    .text               c_w.l(heapauxi.o)
    0x080066d0   0x0000004e   Code   RO         1315    .text               c_w.l(_printf_pad.o)
    0x0800671e   0x00000024   Code   RO         1317    .text               c_w.l(_printf_truncate.o)
    0x08006742   0x00000052   Code   RO         1319    .text               c_w.l(_printf_str.o)
    0x08006794   0x00000078   Code   RO         1321    .text               c_w.l(_printf_dec.o)
    0x0800680c   0x00000028   Code   RO         1323    .text               c_w.l(_printf_charcount.o)
    0x08006834   0x00000030   Code   RO         1325    .text               c_w.l(_printf_char_common.o)
    0x08006864   0x0000000a   Code   RO         1327    .text               c_w.l(_sputc.o)
    0x0800686e   0x00000002   PAD
    0x08006870   0x000000bc   Code   RO         1329    .text               c_w.l(_printf_wctomb.o)
    0x0800692c   0x0000007c   Code   RO         1332    .text               c_w.l(_printf_longlong_dec.o)
    0x080069a8   0x00000070   Code   RO         1338    .text               c_w.l(_printf_oct_int_ll.o)
    0x08006a18   0x00000094   Code   RO         1358    .text               c_w.l(_printf_hex_int_ll_ptr.o)
    0x08006aac   0x00000188   Code   RO         1378    .text               c_w.l(__printf_flags_ss_wp.o)
    0x08006c34   0x00000064   Code   RO         1404    .text               c_w.l(rt_memcpy_w.o)
    0x08006c98   0x0000008a   Code   RO         1438    .text               c_w.l(lludiv10.o)
    0x08006d22   0x000000b2   Code   RO         1440    .text               c_w.l(_printf_intcommon.o)
    0x08006dd4   0x0000041a   Code   RO         1442    .text               c_w.l(_printf_fp_dec.o)
    0x080071ee   0x00000002   PAD
    0x080071f0   0x000002fc   Code   RO         1444    .text               c_w.l(_printf_fp_hex.o)
    0x080074ec   0x0000002c   Code   RO         1449    .text               c_w.l(_printf_char.o)
    0x08007518   0x0000002c   Code   RO         1451    .text               c_w.l(_printf_wchar.o)
    0x08007544   0x00000040   Code   RO         1454    .text               c_w.l(_wcrtomb.o)
    0x08007584   0x0000004a   Code   RO         1456    .text               c_w.l(sys_stackheap_outer.o)
    0x080075ce   0x00000002   PAD
    0x080075d0   0x00000010   Code   RO         1458    .text               c_w.l(rt_ctype_table.o)
    0x080075e0   0x00000008   Code   RO         1463    .text               c_w.l(rt_locale_intlibspace.o)
    0x080075e8   0x00000080   Code   RO         1465    .text               c_w.l(_printf_fp_infnan.o)
    0x08007668   0x000000dc   Code   RO         1467    .text               c_w.l(bigflt0.o)
    0x08007744   0x00000012   Code   RO         1495    .text               c_w.l(exit.o)
    0x08007756   0x00000002   PAD
    0x08007758   0x00000008   Code   RO         1507    .text               c_w.l(libspace.o)
    0x08007760   0x00000080   Code   RO         1515    .text               c_w.l(strcmpv7m.o)
    0x080077e0   0x0000000c   Code   RO         1573    .text               c_w.l(sys_exit.o)
    0x080077ec   0x00000002   Code   RO         1584    .text               c_w.l(use_no_semi.o)
    0x080077ee   0x00000000   Code   RO         1586    .text               c_w.l(indicate_semi.o)
    0x080077ee   0x0000003e   Code   RO         1470    CL$$btod_d2e        c_w.l(btod.o)
    0x0800782c   0x00000046   Code   RO         1472    CL$$btod_d2e_denorm_low  c_w.l(btod.o)
    0x08007872   0x00000060   Code   RO         1471    CL$$btod_d2e_norm_op1  c_w.l(btod.o)
    0x080078d2   0x00000338   Code   RO         1480    CL$$btod_div_common  c_w.l(btod.o)
    0x08007c0a   0x000000c6   Code   RO         1477    CL$$btod_e2e        c_w.l(btod.o)
    0x08007cd0   0x00000028   Code   RO         1474    CL$$btod_ediv       c_w.l(btod.o)
    0x08007cf8   0x00000028   Code   RO         1473    CL$$btod_emul       c_w.l(btod.o)
    0x08007d20   0x00000244   Code   RO         1479    CL$$btod_mult_common  c_w.l(btod.o)
    0x08007f64   0x00000030   Code   RO         1505    i.__ARM_fpclassify  m_wm.l(fpclassify.o)
    0x08007f94   0x0000000e   Code   RO         1371    i._is_digit         c_w.l(__printf_wp.o)
    0x08007fa2   0x00000002   PAD
    0x08007fa4   0x0000002c   Code   RO         1493    locale$$code        c_w.l(lc_numeric_c.o)
    0x08007fd0   0x0000002c   Code   RO         1513    locale$$code        c_w.l(lc_ctype_c.o)
    0x08007ffc   0x000002b0   Code   RO         1295    x$fpl$ddiv          fz_wm.l(ddiv.o)
    0x080082ac   0x0000005e   Code   RO         1298    x$fpl$dfix          fz_wm.l(dfix.o)
    0x0800830a   0x0000002e   Code   RO         1303    x$fpl$dflt          fz_wm.l(dflt_clz.o)
    0x08008338   0x0000009c   Code   RO         1406    x$fpl$dnaninf       fz_wm.l(dnaninf.o)
    0x080083d4   0x0000000c   Code   RO         1408    x$fpl$dretinf       fz_wm.l(dretinf.o)
    0x080083e0   0x00000056   Code   RO         1310    x$fpl$f2d           fz_wm.l(f2d.o)
    0x08008436   0x0000008c   Code   RO         1410    x$fpl$fnaninf       fz_wm.l(fnaninf.o)
    0x080084c2   0x0000000a   Code   RO         1571    x$fpl$fpinit        fz_wm.l(fpinit.o)
    0x080084cc   0x00000004   Code   RO         1414    x$fpl$printf1       fz_wm.l(printf1.o)
    0x080084d0   0x00000004   Code   RO         1416    x$fpl$printf2       fz_wm.l(printf2.o)
    0x080084d4   0x00000000   Code   RO         1422    x$fpl$usenofp       fz_wm.l(usenofp.o)
    0x080084d4   0x00000380   Data   RO          674    .constdata          gpio.o
    0x08008854   0x00000302   Data   RO         1186    .constdata          judge.o
    0x08008b56   0x00000002   PAD
    0x08008b58   0x00000008   Data   RO         1330    .constdata          c_w.l(_printf_wctomb.o)
    0x08008b60   0x00000028   Data   RO         1359    .constdata          c_w.l(_printf_hex_int_ll_ptr.o)
    0x08008b88   0x00000011   Data   RO         1379    .constdata          c_w.l(__printf_flags_ss_wp.o)
    0x08008b99   0x00000026   Data   RO         1445    .constdata          c_w.l(_printf_fp_hex.o)
    0x08008bbf   0x00000001   PAD
    0x08008bc0   0x00000094   Data   RO         1468    .constdata          c_w.l(bigflt0.o)
    0x08008c54   0x00000020   Data   RO         1639    Region$$Table       anon$$obj.o
    0x08008c74   0x0000001c   Data   RO         1492    locale$$data        c_w.l(lc_numeric_c.o)
    0x08008c90   0x00000110   Data   RO         1512    locale$$data        c_w.l(lc_ctype_c.o)


    Execution Region RW_IRAM1 (Base: 0x20000000, Size: 0x00004488, Max: 0x00020000, ABSOLUTE, COMPRESSED[0x00000754])

    Base Addr    Size         Type   Attr      Idx    E Section Name        Object

    0x20000000   0x00001054   Data   RW          153    .data               main.o
    0x20001054   0x00000014   Data   RW          263    .data               system_stm32f4xx.o
    0x20001068   0x00000010   Data   RW          614    .data               stm32f4xx_rcc.o
    0x20001078   0x00000008   Data   RW          704    .data               ticks.o
    0x20001080   0x00000001   Data   RW          816    .data               led.o
    0x20001081   0x00000001   PAD
    0x20001082   0x0000100a   Data   RW          870    .data               1.8 tft_display.o
    0x2000208c   0x00001058   Data   RW          944    .data               yaw_gyro.o
    0x200030e4   0x00000002   Data   RW         1014    .data               encoder.o
    0x200030e6   0x00000002   PAD
    0x200030e8   0x00000004   Data   RW         1120    .data               canbusprocess.o
    0x200030ec   0x00000002   Data   RW         1155    .data               dbus.o
    0x200030ee   0x00000002   PAD
    0x200030f0   0x00000008   Data   RW         1187    .data               judge.o
    0x200030f8   0x0000000c   Data   RW         1250    .data               gimbal.o
    0x20003104   0x00000a50   Zero   RW          869    .bss                1.8 tft_display.o
    0x20003b54   0x00000022   Zero   RW          979    .bss                adc.o
    0x20003b76   0x00000002   PAD
    0x20003b78   0x000001c0   Zero   RW         1119    .bss                canbusprocess.o
    0x20003d38   0x00000043   Zero   RW         1154    .bss                dbus.o
    0x20003d7b   0x00000001   PAD
    0x20003d7c   0x000000a6   Zero   RW         1185    .bss                judge.o
    0x20003e22   0x00000002   PAD
    0x20003e24   0x00000060   Zero   RW         1508    .bss                c_w.l(libspace.o)
    0x20003e84   0x00000004   PAD
    0x20003e88   0x00000200   Zero   RW          290    HEAP                startup_stm32f40_41xxx.o
    0x20004088   0x00000400   Zero   RW          289    STACK               startup_stm32f40_41xxx.o


==============================================================================

Image component sizes


      Code (inc. data)   RO Data    RW Data    ZI Data      Debug   Object Name

      3708        144          0       4106       2640      10027   1.8 tft_display.o
       328         26          0          0         34       2461   adc.o
         0          0          0          0          0       2440   buzzer.o
       340         12          0          0          0       1048   can1.o
       336          8          0          0          0       1040   can2.o
       684         52          0          4        448       3906   canbusprocess.o
       672         36          0          2         67       2851   dbus.o
       304         22          0          2          0       1595   encoder.o
       264         16          0         12          0       2093   gimbal.o
       700         20        896          0          0       6052   gpio.o
       924         56        770          8        166       4706   judge.o
       100         10          0          1          0       1212   led.o
       500         84          0       4180          0       2940   main.o
       224         20          0          0          0     252965   misc.o
       128         20          0          0          0        727   pneumatic.o
       384         36          0          0          0       1733   pwm.o
        64         26        392          0       1536        828   startup_stm32f40_41xxx.o
      1124         24          0          0          0      10670   stm32f4xx_adc.o
      2544         38          0          0          0       8128   stm32f4xx_can.o
       936         32          0          0          0       6373   stm32f4xx_dma.o
       660         44          0          0          0       4141   stm32f4xx_gpio.o
        36          0          0          0          0     311714   stm32f4xx_it.o
      1628         52          0         16          0      13008   stm32f4xx_rcc.o
      1152         36          0          0          0       6889   stm32f4xx_spi.o
      3234         60          0          0          0      22996   stm32f4xx_tim.o
      1108         34          0          0          0       7864   stm32f4xx_usart.o
       528         46          0         20          0       1751   system_stm32f4xx.o
       204         26          0          8          0      28221   ticks.o
       512         52          0          0          0       1859   timer.o
      2016        152          0       4184          0       7318   yaw_gyro.o

    ----------------------------------------------------------------------
     25346       1184       2092      12548       4896     729556   Object Totals
         0          0         32          0          0          0   (incl. Generated)
         4          0          2          5          5          0   (incl. Padding)

    ----------------------------------------------------------------------

      Code (inc. data)   RO Data    RW Data    ZI Data      Debug   Library Member Name

       100          0          0          0          0          0   __dclz77c.o
         8          0          0          0          0         68   __main.o
       392          4         17          0          0         92   __printf_flags_ss_wp.o
        14          0          0          0          0         68   __printf_wp.o
         0          0          0          0          0          0   __rtentry.o
        12          0          0          0          0          0   __rtentry2.o
         6          0          0          0          0          0   __rtentry4.o
        52          8          0          0          0          0   __scatter.o
        28          0          0          0          0          0   __scatter_zi.o
         6          0          0          0          0          0   _printf_a.o
         6          0          0          0          0          0   _printf_c.o
        44          0          0          0          0        108   _printf_char.o
        48          6          0          0          0         96   _printf_char_common.o
        40          0          0          0          0         68   _printf_charcount.o
         6          0          0          0          0          0   _printf_d.o
       120         16          0          0          0         92   _printf_dec.o
         6          0          0          0          0          0   _printf_e.o
         6          0          0          0          0          0   _printf_f.o
      1050          0          0          0          0        216   _printf_fp_dec.o
       764         10         38          0          0        100   _printf_fp_hex.o
       128         16          0          0          0         84   _printf_fp_infnan.o
         6          0          0          0          0          0   _printf_g.o
       148          4         40          0          0        160   _printf_hex_int_ll_ptr.o
         6          0          0          0          0          0   _printf_i.o
       178          0          0          0          0         88   _printf_intcommon.o
        10          0          0          0          0          0   _printf_l.o
         6          0          0          0          0          0   _printf_lc.o
        10          0          0          0          0          0   _printf_ll.o
         6          0          0          0          0          0   _printf_lld.o
         6          0          0          0          0          0   _printf_lli.o
         6          0          0          0          0          0   _printf_llo.o
         6          0          0          0          0          0   _printf_llu.o
         6          0          0          0          0          0   _printf_llx.o
       124         16          0          0          0         92   _printf_longlong_dec.o
         6          0          0          0          0          0   _printf_ls.o
         6          0          0          0          0          0   _printf_n.o
         6          0          0          0          0          0   _printf_o.o
       112          8          0          0          0        124   _printf_oct_int_ll.o
         6          0          0          0          0          0   _printf_p.o
        78          0          0          0          0        108   _printf_pad.o
         0          0          0          0          0          0   _printf_percent.o
         4          0          0          0          0          0   _printf_percent_end.o
         6          0          0          0          0          0   _printf_s.o
        82          0          0          0          0         80   _printf_str.o
        36          0          0          0          0         84   _printf_truncate.o
         6          0          0          0          0          0   _printf_u.o
        44          0          0          0          0        108   _printf_wchar.o
       188          6          8          0          0         92   _printf_wctomb.o
         6          0          0          0          0          0   _printf_x.o
        10          0          0          0          0         68   _sputc.o
        64          0          0          0          0         92   _wcrtomb.o
       220          4        148          0          0         96   bigflt0.o
      1910        128          0          0          0        672   btod.o
        18          0          0          0          0         80   exit.o
         6          0          0          0          0        152   heapauxi.o
         0          0          0          0          0          0   indicate_semi.o
        44         10        272          0          0         76   lc_ctype_c.o
        44         10         28          0          0         76   lc_numeric_c.o
         2          0          0          0          0          0   libinit.o
        34          0          0          0          0          0   libinit2.o
         2          0          0          0          0          0   libshutdown.o
         2          0          0          0          0          0   libshutdown2.o
         8          4          0          0         96         68   libspace.o
       138          0          0          0          0         80   lludiv10.o
        16          4          0          0          0         76   rt_ctype_table.o
         8          4          0          0          0         68   rt_locale_intlibspace.o
       138          0          0          0          0         68   rt_memcpy_v6.o
       100          0          0          0          0         80   rt_memcpy_w.o
         2          0          0          0          0          0   rtexit.o
        10          0          0          0          0          0   rtexit2.o
       128          0          0          0          0         68   strcmpv7m.o
        12          4          0          0          0         68   sys_exit.o
        74          0          0          0          0         80   sys_stackheap_outer.o
         2          0          0          0          0         68   use_no_semi.o
        36          4          0          0          0         76   vsprintf.o
       688        140          0          0          0        256   ddiv.o
        94          4          0          0          0        140   dfix.o
        46          0          0          0          0        116   dflt_clz.o
       156          4          0          0          0        140   dnaninf.o
        12          0          0          0          0        116   dretinf.o
        86          4          0          0          0        132   f2d.o
       140          4          0          0          0        132   fnaninf.o
        10          0          0          0          0        116   fpinit.o
         4          0          0          0          0        116   printf1.o
         4          0          0          0          0        116   printf2.o
         0          0          0          0          0          0   usenofp.o
        48          0          0          0          0        124   fpclassify.o

    ----------------------------------------------------------------------
      8266        422        552          0        100       5544   Library Totals
        10          0          1          0          4          0   (incl. Padding)

    ----------------------------------------------------------------------

      Code (inc. data)   RO Data    RW Data    ZI Data      Debug   Library Name

      6968        266        551          0         96       4040   c_w.l
      1240        156          0          0          0       1380   fz_wm.l
        48          0          0          0          0        124   m_wm.l

    ----------------------------------------------------------------------
      8266        422        552          0        100       5544   Library Totals

    ----------------------------------------------------------------------

==============================================================================


      Code (inc. data)   RO Data    RW Data    ZI Data      Debug   

     33612       1606       2644      12548       4996     725616   Grand Totals
     33612       1606       2644       1876       4996     725616   ELF Image Totals (compressed)
     33612       1606       2644       1876          0          0   ROM Totals

==============================================================================

    Total RO  Size (Code + RO Data)                36256 (  35.41kB)
    Total RW  Size (RW Data + ZI Data)             17544 (  17.13kB)
    Total ROM Size (Code + RO Data + RW Data)      38132 (  37.24kB)

==============================================================================

